Component: Arm Compiler for Embedded 6.21 Tool: armlink [5ec1fa00]

==============================================================================

Section Cross References

    main.o(.text) refers (Special) to _printf_percent.o(.ARM.Collect$$_printf_percent$$00000000) for _printf_percent
    main.o(.text) refers (Special) to _printf_c.o(.ARM.Collect$$_printf_percent$$00000013) for _printf_c
    main.o(.text) refers (Special) to _printf_d.o(.ARM.Collect$$_printf_percent$$00000009) for _printf_d
    main.o(.text) refers (Special) to _printf_dec.o(.text) for _printf_int_dec
    main.o(.text) refers (Special) to _printf_str.o(.text) for _printf_str
    main.o(.text.main) refers (Special) to _printf_percent.o(.ARM.Collect$$_printf_percent$$00000000) for _printf_percent
    main.o(.text.main) refers (Special) to _printf_c.o(.ARM.Collect$$_printf_percent$$00000013) for _printf_c
    main.o(.text.main) refers (Special) to _printf_d.o(.ARM.Collect$$_printf_percent$$00000009) for _printf_d
    main.o(.text.main) refers (Special) to _printf_dec.o(.text) for _printf_int_dec
    main.o(.text.main) refers (Special) to _printf_str.o(.text) for _printf_str
    main.o(.text.main) refers to systick_time.o(.text.systick_init) for systick_init
    main.o(.text.main) refers to infraredsensor.o(.text.infrared_init) for infrared_init
    main.o(.text.main) refers to servo.o(.text.servo_start) for servo_start
    main.o(.text.main) refers to servo.o(.text.xetgoc1) for xetgoc1
    main.o(.text.main) refers to timer.o(.text.timer_init) for timer_init
    main.o(.text.main) refers to buzzer.o(.text.buzzer_init) for buzzer_init
    main.o(.text.main) refers to lcd-i2c.o(.text.lcd_i2c_init) for lcd_i2c_init
    main.o(.text.main) refers to lcd-i2c.o(.text.lcd_i2c_msg) for lcd_i2c_msg
    main.o(.text.main) refers to systick_time.o(.text.DelayMs) for DelayMs
    main.o(.text.main) refers to lcd-i2c.o(.text.lcd_clear_line2) for lcd_clear_line2
    main.o(.text.main) refers to lcd-i2c.o(.text.lcd_clear) for lcd_clear
    main.o(.text.main) refers to main.o(.data.S1) for S1
    main.o(.text.main) refers to main.o(.data.S2) for S2
    main.o(.text.main) refers to main.o(.data.S3) for S3
    main.o(.text.main) refers to main.o(.bss.str1) for str1
    main.o(.text.main) refers to main.o(.rodata.str1.1) for .L.str.7
    main.o(.text.main) refers to noretval__2sprintf.o(.text) for __2sprintf
    main.o(.text.main) refers to main.o(.data.available_slots) for available_slots
    main.o(.text.main) refers to main.o(.bss.str2) for str2
    main.o(.text.main) refers to infraredsensor.o(.text.debounce) for debounce
    main.o(.text.main) refers to timer.o(.text.timer_enabled) for timer_enabled
    main.o(.text.main) refers to buzzer.o(.text.buzzer_enabled) for buzzer_enabled
    main.o(.text.main) refers to buzzer.o(.text.buzzer_disabled) for buzzer_disabled
    main.o(.text.main) refers to main.o(.data.total_slots) for total_slots
    main.o(.ARM.exidx.text.main) refers (Special) to _printf_percent.o(.ARM.Collect$$_printf_percent$$00000000) for _printf_percent
    main.o(.ARM.exidx.text.main) refers (Special) to _printf_c.o(.ARM.Collect$$_printf_percent$$00000013) for _printf_c
    main.o(.ARM.exidx.text.main) refers (Special) to _printf_d.o(.ARM.Collect$$_printf_percent$$00000009) for _printf_d
    main.o(.ARM.exidx.text.main) refers (Special) to _printf_dec.o(.text) for _printf_int_dec
    main.o(.ARM.exidx.text.main) refers (Special) to _printf_str.o(.text) for _printf_str
    main.o(.ARM.exidx.text.main) refers to main.o(.text.main) for [Anonymous Symbol]
    main.o(.text.TIM2_IRQHandler) refers (Special) to _printf_percent.o(.ARM.Collect$$_printf_percent$$00000000) for _printf_percent
    main.o(.text.TIM2_IRQHandler) refers (Special) to _printf_c.o(.ARM.Collect$$_printf_percent$$00000013) for _printf_c
    main.o(.text.TIM2_IRQHandler) refers (Special) to _printf_d.o(.ARM.Collect$$_printf_percent$$00000009) for _printf_d
    main.o(.text.TIM2_IRQHandler) refers (Special) to _printf_dec.o(.text) for _printf_int_dec
    main.o(.text.TIM2_IRQHandler) refers (Special) to _printf_str.o(.text) for _printf_str
    main.o(.text.TIM2_IRQHandler) refers to main.o(.bss.count) for count
    main.o(.text.TIM2_IRQHandler) refers to buzzer.o(.text.buzzer_disabled) for buzzer_disabled
    main.o(.text.TIM2_IRQHandler) refers to timer.o(.text.timer_disabled) for timer_disabled
    main.o(.text.TIM2_IRQHandler) refers to buzzer.o(.text.buzzer_enabled) for buzzer_enabled
    main.o(.ARM.exidx.text.TIM2_IRQHandler) refers (Special) to _printf_percent.o(.ARM.Collect$$_printf_percent$$00000000) for _printf_percent
    main.o(.ARM.exidx.text.TIM2_IRQHandler) refers (Special) to _printf_c.o(.ARM.Collect$$_printf_percent$$00000013) for _printf_c
    main.o(.ARM.exidx.text.TIM2_IRQHandler) refers (Special) to _printf_d.o(.ARM.Collect$$_printf_percent$$00000009) for _printf_d
[...]
    main.o(.data.S1) refers (Special) to _printf_c.o(.ARM.Collect$$_printf_percent$$00000013) for _printf_c
    main.o(.data.S1) refers (Special) to _printf_d.o(.ARM.Collect$$_printf_percent$$00000009) for _printf_d
    main.o(.data.S1) refers (Special) to _printf_dec.o(.text) for _printf_int_dec
    main.o(.data.S1) refers (Special) to _printf_str.o(.text) for _printf_str
    main.o(.data.S2) refers (Special) to _printf_percent.o(.ARM.Collect$$_printf_percent$$00000000) for _printf_percent
    main.o(.data.S2) refers (Special) to _printf_c.o(.ARM.Collect$$_printf_percent$$00000013) for _printf_c
    main.o(.data.S2) refers (Special) to _printf_d.o(.ARM.Collect$$_printf_percent$$00000009) for _printf_d
    main.o(.data.S2) refers (Special) to _printf_dec.o(.text) for _printf_int_dec
    main.o(.data.S2) refers (Special) to _printf_str.o(.text) for _printf_str
    main.o(.data.S3) refers (Special) to _printf_percent.o(.ARM.Collect$$_printf_percent$$00000000) for _printf_percent
    main.o(.data.S3) refers (Special) to _printf_c.o(.ARM.Collect$$_printf_percent$$00000013) for _printf_c
    main.o(.data.S3) refers (Special) to _printf_d.o(.ARM.Collect$$_printf_percent$$00000009) for _printf_d
    main.o(.data.S3) refers (Special) to _printf_dec.o(.text) for _printf_int_dec
    main.o(.data.S3) refers (Special) to _printf_str.o(.text) for _printf_str
    main.o(.bss.str1) refers (Special) to _printf_percent.o(.ARM.Collect$$_printf_percent$$00000000) for _printf_percent
    main.o(.bss.str1) refers (Special) to _printf_c.o(.ARM.Collect$$_printf_percent$$00000013) for _printf_c
    main.o(.bss.str1) refers (Special) to _printf_d.o(.ARM.Collect$$_printf_percent$$00000009) for _printf_d
    main.o(.bss.str1) refers (Special) to _printf_dec.o(.text) for _printf_int_dec
    main.o(.bss.str1) refers (Special) to _printf_str.o(.text) for _printf_str
    main.o(.rodata.str1.1) refers (Special) to _printf_percent.o(.ARM.Collect$$_printf_percent$$00000000) for _printf_percent
    main.o(.rodata.str1.1) refers (Special) to _printf_c.o(.ARM.Collect$$_printf_percent$$00000013) for _printf_c
    main.o(.rodata.str1.1) refers (Special) to _printf_d.o(.ARM.Collect$$_printf_percent$$00000009) for _printf_d
    main.o(.rodata.str1.1) refers (Special) to _printf_dec.o(.text) for _printf_int_dec
    main.o(.rodata.str1.1) refers (Special) to _printf_str.o(.text) for _printf_str
    main.o(.bss.str2) refers (Special) to _printf_percent.o(.ARM.Collect$$_printf_percent$$00000000) for _printf_percent
    main.o(.bss.str2) refers (Special) to _printf_c.o(.ARM.Collect$$_printf_percent$$00000013) for _printf_c
    main.o(.bss.str2) refers (Special) to _printf_d.o(.ARM.Collect$$_printf_percent$$00000009) for _printf_d
    main.o(.bss.str2) refers (Special) to _printf_dec.o(.text) for _printf_int_dec
    main.o(.bss.str2) refers (Special) to _printf_str.o(.text) for _printf_str
    main.o(.bss.parking_slots) refers (Special) to _printf_percent.o(.ARM.Collect$$_printf_percent$$00000000) for _printf_percent
    main.o(.bss.parking_slots) refers (Special) to _printf_c.o(.ARM.Collect$$_printf_percent$$00000013) for _printf_c
    main.o(.bss.parking_slots) refers (Special) to _printf_d.o(.ARM.Collect$$_printf_percent$$00000009) for _printf_d
    main.o(.bss.parking_slots) refers (Special) to _printf_dec.o(.text) for _printf_int_dec
    main.o(.bss.parking_slots) refers (Special) to _printf_str.o(.text) for _printf_str
    main.o(.ARM.use_no_argv) refers (Special) to _printf_percent.o(.ARM.Collect$$_printf_percent$$00000000) for _printf_percent
    main.o(.ARM.use_no_argv) refers (Special) to _printf_c.o(.ARM.Collect$$_printf_percent$$00000013) for _printf_c
    main.o(.ARM.use_no_argv) refers (Special) to _printf_d.o(.ARM.Collect$$_printf_percent$$00000009) for _printf_d
    main.o(.ARM.use_no_argv) refers (Special) to _printf_dec.o(.text) for _printf_int_dec
    main.o(.ARM.use_no_argv) refers (Special) to _printf_str.o(.text) for _printf_str
    timer.o(.ARM.exidx.text.timer_init) refers to timer.o(.text.timer_init) for [Anonymous Symbol]
    timer.o(.ARM.exidx.text.timer_enabled) refers to timer.o(.text.timer_enabled) for [Anonymous Symbol]
    timer.o(.ARM.exidx.text.timer_disabled) refers to timer.o(.text.timer_disabled) for [Anonymous Symbol]
    infraredsensor.o(.ARM.exidx.text.infrared_init) refers to infraredsensor.o(.text.infrared_init) for [Anonymous Symbol]
    infraredsensor.o(.ARM.exidx.text.read_sensor1) refers to infraredsensor.o(.text.read_sensor1) for [Anonymous Symbol]
    infraredsensor.o(.ARM.exidx.text.read_sensor2) refers to infraredsensor.o(.text.read_sensor2) for [Anonymous Symbol]
    infraredsensor.o(.ARM.exidx.text.read_sensor3) refers to infraredsensor.o(.text.read_sensor3) for [Anonymous Symbol]
    infraredsensor.o(.ARM.exidx.text.read_sensor4) refers to infraredsensor.o(.text.read_sensor4) for [Anonymous Symbol]
    infraredsensor.o(.ARM.exidx.text.read_sensor5) refers to infraredsensor.o(.text.read_sensor5) for [Anonymous Symbol]
    infraredsensor.o(.text.debounce) refers to systick_time.o(.text.DelayMs) for DelayMs
    infraredsensor.o(.ARM.exidx.text.debounce) refers to infraredsensor.o(.text.debounce) for [Anonymous Symbol]
    i2c.o(.ARM.exidx.text.i2c_init) refers to i2c.o(.text.i2c_init) for [Anonymous Symbol]
    i2c.o(.ARM.exidx.text.i2c_start) refers to i2c.o(.text.i2c_start) for [Anonymous Symbol]
    i2c.o(.ARM.exidx.text.i2c_stop) refers to i2c.o(.text.i2c_stop) for [Anonymous Symbol]
    i2c.o(.ARM.exidx.text.i2c_address) refers to i2c.o(.text.i2c_address) for [Anonymous Symbol]
    i2c.o(.ARM.exidx.text.i2c_write) refers to i2c.o(.text.i2c_write) for [Anonymous Symbol]
    i2c.o(.ARM.exidx.text.i2c_writereg8) refers to i2c.o(.text.i2c_writereg8) for [Anonymous Symbol]
    i2c.o(.ARM.exidx.text.i2c_writereg16) refers to i2c.o(.text.i2c_writereg16) for [Anonymous Symbol]
    i2c.o(.ARM.exidx.text.i2c_readreg8) refers to i2c.o(.text.i2c_readreg8) for [Anonymous Symbol]
    i2c.o(.ARM.exidx.text.i2c_readreg16) refers to i2c.o(.text.i2c_readreg16) for [Anonymous Symbol]
    i2c.o(.ARM.exidx.text.i2c_read_multi) refers to i2c.o(.text.i2c_read_multi) for [Anonymous Symbol]
    lcd-i2c.o(.text.lcd_i2c_data) refers to pcf8574.o(.text.PCF8574_tx_byte) for PCF8574_tx_byte
    lcd-i2c.o(.text.lcd_i2c_data) refers to systick_time.o(.text.DelayUs) for DelayUs
    lcd-i2c.o(.ARM.exidx.text.lcd_i2c_data) refers to lcd-i2c.o(.text.lcd_i2c_data) for [Anonymous Symbol]
    lcd-i2c.o(.text.lcd_i2c_cmd) refers to pcf8574.o(.text.PCF8574_tx_byte) for PCF8574_tx_byte
    lcd-i2c.o(.text.lcd_i2c_cmd) refers to systick_time.o(.text.DelayUs) for DelayUs
    lcd-i2c.o(.ARM.exidx.text.lcd_i2c_cmd) refers to lcd-i2c.o(.text.lcd_i2c_cmd) for [Anonymous Symbol]
    lcd-i2c.o(.text.lcd_i2c_init) refers to i2c.o(.text.i2c_init) for i2c_init
    lcd-i2c.o(.text.lcd_i2c_init) refers to systick_time.o(.text.DelayMs) for DelayMs
    lcd-i2c.o(.text.lcd_i2c_init) refers to pcf8574.o(.text.PCF8574_tx_byte) for PCF8574_tx_byte
    lcd-i2c.o(.text.lcd_i2c_init) refers to systick_time.o(.text.DelayUs) for DelayUs
    lcd-i2c.o(.text.lcd_i2c_init) refers to lcd-i2c.o(.text.lcd_i2c_cmd) for lcd_i2c_cmd
    lcd-i2c.o(.ARM.exidx.text.lcd_i2c_init) refers to lcd-i2c.o(.text.lcd_i2c_init) for [Anonymous Symbol]
    lcd-i2c.o(.text.lcd_i2c_send) refers to lcd-i2c.o(.text.lcd_i2c_data) for lcd_i2c_data
    lcd-i2c.o(.text.lcd_i2c_send) refers to systick_time.o(.text.DelayUs) for DelayUs
    lcd-i2c.o(.ARM.exidx.text.lcd_i2c_send) refers to lcd-i2c.o(.text.lcd_i2c_send) for [Anonymous Symbol]
    lcd-i2c.o(.text.lcd_i2c_msg) refers to lcd-i2c.o(.text.lcd_i2c_cmd) for lcd_i2c_cmd
    lcd-i2c.o(.text.lcd_i2c_msg) refers to systick_time.o(.text.DelayUs) for DelayUs
    lcd-i2c.o(.text.lcd_i2c_msg) refers to lcd-i2c.o(.text.lcd_i2c_data) for lcd_i2c_data
    lcd-i2c.o(.ARM.exidx.text.lcd_i2c_msg) refers to lcd-i2c.o(.text.lcd_i2c_msg) for [Anonymous Symbol]
    lcd-i2c.o(.text.lcd_clear) refers to lcd-i2c.o(.text.lcd_i2c_cmd) for lcd_i2c_cmd
    lcd-i2c.o(.text.lcd_clear) refers to systick_time.o(.text.DelayMs) for DelayMs
    lcd-i2c.o(.ARM.exidx.text.lcd_clear) refers to lcd-i2c.o(.text.lcd_clear) for [Anonymous Symbol]
    lcd-i2c.o(.text.lcd_clear_line1) refers to lcd-i2c.o(.text.lcd_i2c_cmd) for lcd_i2c_cmd
    lcd-i2c.o(.text.lcd_clear_line1) refers to systick_time.o(.text.DelayMs) for DelayMs
    lcd-i2c.o(.text.lcd_clear_line1) refers to systick_time.o(.text.DelayUs) for DelayUs
    lcd-i2c.o(.text.lcd_clear_line1) refers to lcd-i2c.o(.rodata.str1.1) for .L.str
    lcd-i2c.o(.text.lcd_clear_line1) refers to lcd-i2c.o(.text.lcd_i2c_data) for lcd_i2c_data
    lcd-i2c.o(.ARM.exidx.text.lcd_clear_line1) refers to lcd-i2c.o(.text.lcd_clear_line1) for [Anonymous Symbol]
    lcd-i2c.o(.text.lcd_clear_line2) refers to lcd-i2c.o(.text.lcd_i2c_cmd) for lcd_i2c_cmd
    lcd-i2c.o(.text.lcd_clear_line2) refers to systick_time.o(.text.DelayMs) for DelayMs
    lcd-i2c.o(.text.lcd_clear_line2) refers to systick_time.o(.text.DelayUs) for DelayUs
    lcd-i2c.o(.text.lcd_clear_line2) refers to lcd-i2c.o(.rodata.str1.1) for .L.str
    lcd-i2c.o(.text.lcd_clear_line2) refers to lcd-i2c.o(.text.lcd_i2c_data) for lcd_i2c_data
    lcd-i2c.o(.ARM.exidx.text.lcd_clear_line2) refers to lcd-i2c.o(.text.lcd_clear_line2) for [Anonymous Symbol]
    pcf8574.o(.text.PCF8574_tx_byte) refers to i2c.o(.text.i2c_start) for i2c_start
    pcf8574.o(.text.PCF8574_tx_byte) refers to i2c.o(.text.i2c_address) for i2c_address
    pcf8574.o(.text.PCF8574_tx_byte) refers to i2c.o(.text.i2c_write) for i2c_write
    pcf8574.o(.text.PCF8574_tx_byte) refers to i2c.o(.text.i2c_stop) for i2c_stop
    pcf8574.o(.ARM.exidx.text.PCF8574_tx_byte) refers to pcf8574.o(.text.PCF8574_tx_byte) for [Anonymous Symbol]
    systick_time.o(.ARM.exidx.text.systick_init) refers to systick_time.o(.text.systick_init) for [Anonymous Symbol]
    systick_time.o(.ARM.exidx.text.Delaymicro) refers to systick_time.o(.text.Delaymicro) for [Anonymous Symbol]
    systick_time.o(.ARM.exidx.text.DelayUs) refers to systick_time.o(.text.DelayUs) for [Anonymous Symbol]
    systick_time.o(.ARM.exidx.text.DelayMillis) refers to systick_time.o(.text.DelayMillis) for [Anonymous Symbol]
    systick_time.o(.ARM.exidx.text.DelayMs) refers to systick_time.o(.text.DelayMs) for [Anonymous Symbol]
    systick_time.o(.ARM.exidx.text.systick_int_start) refers to systick_time.o(.text.systick_int_start) for [Anonymous Symbol]
    systick_time.o(.ARM.exidx.text.systick_int) refers to systick_time.o(.text.systick_int) for [Anonymous Symbol]
    servo.o(.ARM.exidx.text.servo_init) refers to servo.o(.text.servo_init) for [Anonymous Symbol]
    servo.o(.ARM.exidx.text.servo_enabled) refers to servo.o(.text.servo_enabled) for [Anonymous Symbol]
    servo.o(.ARM.exidx.text.servo_start) refers to servo.o(.text.servo_start) for [Anonymous Symbol]
    servo.o(.ARM.exidx.text.xetgoc1) refers to servo.o(.text.xetgoc1) for [Anonymous Symbol]
    servo.o(.ARM.exidx.text.xetgoc2) refers to servo.o(.text.xetgoc2) for [Anonymous Symbol]
    buzzer.o(.ARM.exidx.text.buzzer_init) refers to buzzer.o(.text.buzzer_init) for [Anonymous Symbol]
    buzzer.o(.ARM.exidx.text.buzzer_enabled) refers to buzzer.o(.text.buzzer_enabled) for [Anonymous Symbol]
    buzzer.o(.ARM.exidx.text.buzzer_disabled) refers to buzzer.o(.text.buzzer_disabled) for [Anonymous Symbol]
    startup_stm32f10x_md.o(STACK) refers (Special) to heapauxi.o(.text) for __use_two_region_memory
    startup_stm32f10x_md.o(HEAP) refers (Special) to heapauxi.o(.text) for __use_two_region_memory
    startup_stm32f10x_md.o(RESET) refers (Special) to heapauxi.o(.text) for __use_two_region_memory
    startup_stm32f10x_md.o(RESET) refers to startup_stm32f10x_md.o(STACK) for __initial_sp
    startup_stm32f10x_md.o(RESET) refers to startup_stm32f10x_md.o(.text) for Reset_Handler
    startup_stm32f10x_md.o(RESET) refers to main.o(.text.TIM2_IRQHandler) for TIM2_IRQHandler
    startup_stm32f10x_md.o(.text) refers (Special) to heapauxi.o(.text) for __use_two_region_memory
    startup_stm32f10x_md.o(.text) refers to system_stm32f10x.o(.text.SystemInit) for SystemInit
    startup_stm32f10x_md.o(.text) refers to __main.o(!!!main) for __main
    startup_stm32f10x_md.o(.text) refers to startup_stm32f10x_md.o(HEAP) for Heap_Mem
    startup_stm32f10x_md.o(.text) refers to startup_stm32f10x_md.o(STACK) for Stack_Mem
    system_stm32f10x.o(.ARM.exidx.text.SystemInit) refers to system_stm32f10x.o(.text.SystemInit) for [Anonymous Symbol]
    system_stm32f10x.o(.text.SystemCoreClockUpdate) refers to system_stm32f10x.o(.data.SystemCoreClock) for SystemCoreClock
    system_stm32f10x.o(.text.SystemCoreClockUpdate) refers to system_stm32f10x.o(.rodata.AHBPrescTable) for AHBPrescTable
    system_stm32f10x.o(.ARM.exidx.text.SystemCoreClockUpdate) refers to system_stm32f10x.o(.text.SystemCoreClockUpdate) for [Anonymous Symbol]
    __2sprintf.o(.text) refers to _printf_char_common.o(.text) for _printf_char_common
    __2sprintf.o(.text) refers to _sputc.o(.text) for _sputc
    noretval__2sprintf.o(.text) refers to _printf_char_common.o(.text) for _printf_char_common
    noretval__2sprintf.o(.text) refers to _sputc.o(.text) for _sputc
    __printf.o(.text) refers to _printf_percent.o(.ARM.Collect$$_printf_percent$$00000000) for _printf_percent
    _printf_str.o(.text) refers (Special) to _printf_char.o(.text) for _printf_cs_common
    _printf_dec.o(.text) refers to _printf_intcommon.o(.text) for _printf_int_common
    __printf_flags.o(.text) refers to _printf_percent.o(.ARM.Collect$$_printf_percent$$00000000) for _printf_percent
    __printf_flags.o(.text) refers to __printf_flags.o(.constdata) for .constdata
    __printf_ss.o(.text) refers to _printf_percent.o(.ARM.Collect$$_printf_percent$$00000000) for _printf_percent
    __printf_flags_ss.o(.text) refers to _printf_percent.o(.ARM.Collect$$_printf_percent$$00000000) for _printf_percent
    __printf_flags_ss.o(.text) refers to __printf_flags_ss.o(.constdata) for .constdata
    __printf_wp.o(.text) refers to __printf_wp.o(i._is_digit) for _is_digit
    __printf_wp.o(.text) refers to _printf_percent.o(.ARM.Collect$$_printf_percent$$00000000) for _printf_percent
    __printf_flags_wp.o(.text) refers to __printf_wp.o(i._is_digit) for _is_digit
    __printf_flags_wp.o(.text) refers to _printf_percent.o(.ARM.Collect$$_printf_percent$$00000000) for _printf_percent
    __printf_flags_wp.o(.text) refers to __printf_flags_wp.o(.constdata) for .constdata
    __printf_ss_wp.o(.text) refers to __printf_wp.o(i._is_digit) for _is_digit
    __printf_ss_wp.o(.text) refers to _printf_percent.o(.ARM.Collect$$_printf_percent$$00000000) for _printf_percent
    __printf_flags_ss_wp.o(.text) refers to __printf_wp.o(i._is_digit) for _is_digit
    __printf_flags_ss_wp.o(.text) refers to _printf_percent.o(.ARM.Collect$$_printf_percent$$00000000) for _printf_percent
    __printf_flags_ss_wp.o(.text) refers to __printf_flags_ss_wp.o(.constdata) for .constdata
    _printf_c.o(.ARM.Collect$$_printf_percent$$00000013) refers (Weak) to _printf_char.o(.text) for _printf_char
    _printf_d.o(.ARM.Collect$$_printf_percent$$00000009) refers (Weak) to _printf_dec.o(.text) for _printf_int_dec
    _printf_percent.o(.ARM.Collect$$_printf_percent$$00000000) refers (Special) to _printf_percent_end.o(.ARM.Collect$$_printf_percent$$00000017) for _printf_percent_end
    __main.o(!!!main) refers to __rtentry.o(.ARM.Collect$$rtentry$$00000000) for __rt_entry
    __rtentry.o(.ARM.Collect$$rtentry$$00000000) refers (Special) to __rtentry2.o(.ARM.Collect$$rtentry$$0000000A) for __rt_entry_li
    __rtentry.o(.ARM.Collect$$rtentry$$00000000) refers (Special) to __rtentry2.o(.ARM.Collect$$rtentry$$0000000D) for __rt_entry_main
    __rtentry.o(.ARM.Collect$$rtentry$$00000000) refers (Special) to __rtentry2.o(.ARM.Collect$$rtentry$$0000000C) for __rt_entry_postli_1
    __rtentry.o(.ARM.Collect$$rtentry$$00000000) refers (Special) to __rtentry2.o(.ARM.Collect$$rtentry$$00000009) for __rt_entry_postsh_1
    __rtentry.o(.ARM.Collect$$rtentry$$00000000) refers (Special) to __rtentry2.o(.ARM.Collect$$rtentry$$00000002) for __rt_entry_presh_1
    __rtentry.o(.ARM.Collect$$rtentry$$00000000) refers (Special) to __rtentry4.o(.ARM.Collect$$rtentry$$00000004) for __rt_entry_sh
    _printf_char_common.o(.text) refers to __printf.o(.text) for __printf
    _printf_char.o(.text) refers (Weak) to _printf_str.o(.text) for _printf_str
    __rtentry2.o(.ARM.Collect$$rtentry$$00000008) refers to boardinit2.o(.text) for _platform_post_stackheap_init
    __rtentry2.o(.ARM.Collect$$rtentry$$0000000A) refers to libinit.o(.ARM.Collect$$libinit$$00000000) for __rt_lib_init
    __rtentry2.o(.ARM.Collect$$rtentry$$0000000B) refers to boardinit3.o(.text) for _platform_post_lib_init
    __rtentry2.o(.ARM.Collect$$rtentry$$0000000D) refers to main.o(.text.main) for main
    __rtentry2.o(.ARM.Collect$$rtentry$$0000000D) refers to exit.o(.text) for exit
    __rtentry2.o(.ARM.exidx) refers to __rtentry2.o(.ARM.Collect$$rtentry$$00000001) for .ARM.Collect$$rtentry$$00000001
    __rtentry2.o(.ARM.exidx) refers to __rtentry2.o(.ARM.Collect$$rtentry$$00000008) for .ARM.Collect$$rtentry$$00000008
    __rtentry2.o(.ARM.exidx) refers to __rtentry2.o(.ARM.Collect$$rtentry$$0000000A) for .ARM.Collect$$rtentry$$0000000A
    __rtentry2.o(.ARM.exidx) refers to __rtentry2.o(.ARM.Collect$$rtentry$$0000000B) for .ARM.Collect$$rtentry$$0000000B
    __rtentry2.o(.ARM.exidx) refers to __rtentry2.o(.ARM.Collect$$rtentry$$0000000D) for .ARM.Collect$$rtentry$$0000000D
    __rtentry4.o(.ARM.Collect$$rtentry$$00000004) refers to sys_stackheap_outer.o(.text) for __user_setup_stackheap
    __rtentry4.o(.ARM.exidx) refers to __rtentry4.o(.ARM.Collect$$rtentry$$00000004) for .ARM.Collect$$rtentry$$00000004
    sys_stackheap_outer.o(.text) refers to libspace.o(.text) for __user_perproc_libspace
    sys_stackheap_outer.o(.text) refers to startup_stm32f10x_md.o(.text) for __user_initial_stackheap
    exit.o(.text) refers to rtexit.o(.ARM.Collect$$rtexit$$00000000) for __rt_exit
    libinit.o(.ARM.Collect$$libinit$$00000000) refers (Special) to libinit2.o(.ARM.Collect$$libinit$$00000030) for __rt_lib_init_alloca_1
    libinit.o(.ARM.Collect$$libinit$$00000000) refers (Special) to libinit2.o(.ARM.Collect$$libinit$$0000002E) for __rt_lib_init_argv_1
    libinit.o(.ARM.Collect$$libinit$$00000000) refers (Special) to libinit2.o(.ARM.Collect$$libinit$$0000001D) for __rt_lib_init_atexit_1
    libinit.o(.ARM.Collect$$libinit$$00000000) refers (Special) to libinit2.o(.ARM.Collect$$libinit$$00000023) for __rt_lib_init_clock_1
    libinit.o(.ARM.Collect$$libinit$$00000000) refers (Special) to libinit2.o(.ARM.Collect$$libinit$$00000034) for __rt_lib_init_cpp_1
    libinit.o(.ARM.Collect$$libinit$$00000000) refers (Special) to libinit2.o(.ARM.Collect$$libinit$$00000032) for __rt_lib_init_exceptions_1
    libinit.o(.ARM.Collect$$libinit$$00000000) refers (Special) to libinit2.o(.ARM.Collect$$libinit$$00000002) for __rt_lib_init_fp_1
    libinit.o(.ARM.Collect$$libinit$$00000000) refers (Special) to libinit2.o(.ARM.Collect$$libinit$$00000021) for __rt_lib_init_fp_trap_1
    libinit.o(.ARM.Collect$$libinit$$00000000) refers (Special) to libinit2.o(.ARM.Collect$$libinit$$00000025) for __rt_lib_init_getenv_1
    libinit.o(.ARM.Collect$$libinit$$00000000) refers (Special) to libinit2.o(.ARM.Collect$$libinit$$0000000C) for __rt_lib_init_heap_1
    libinit.o(.ARM.Collect$$libinit$$00000000) refers (Special) to libinit2.o(.ARM.Collect$$libinit$$00000013) for __rt_lib_init_lc_collate_1
    libinit.o(.ARM.Collect$$libinit$$00000000) refers (Special) to libinit2.o(.ARM.Collect$$libinit$$00000015) for __rt_lib_init_lc_ctype_1
    libinit.o(.ARM.Collect$$libinit$$00000000) refers (Special) to libinit2.o(.ARM.Collect$$libinit$$00000017) for __rt_lib_init_lc_monetary_1
    libinit.o(.ARM.Collect$$libinit$$00000000) refers (Special) to libinit2.o(.ARM.Collect$$libinit$$00000019) for __rt_lib_init_lc_numeric_1
    libinit.o(.ARM.Collect$$libinit$$00000000) refers (Special) to libinit2.o(.ARM.Collect$$libinit$$0000001B) for __rt_lib_init_lc_time_1
    libinit.o(.ARM.Collect$$libinit$$00000000) refers (Special) to libinit2.o(.ARM.Collect$$libinit$$00000006) for __rt_lib_init_preinit_1
    libinit.o(.ARM.Collect$$libinit$$00000000) refers (Special) to libinit2.o(.ARM.Collect$$libinit$$00000010) for __rt_lib_init_rand_1
    libinit.o(.ARM.Collect$$libinit$$00000000) refers (Special) to libinit2.o(.ARM.Collect$$libinit$$00000004) for __rt_lib_init_relocate_pie_1
    libinit.o(.ARM.Collect$$libinit$$00000000) refers (Special) to libinit2.o(.ARM.Collect$$libinit$$00000035) for __rt_lib_init_return
    libinit.o(.ARM.Collect$$libinit$$00000000) refers (Special) to libinit2.o(.ARM.Collect$$libinit$$0000001F) for __rt_lib_init_signal_1
    libinit.o(.ARM.Collect$$libinit$$00000000) refers (Special) to libinit2.o(.ARM.Collect$$libinit$$00000027) for __rt_lib_init_stdio_1
    libinit.o(.ARM.Collect$$libinit$$00000000) refers (Special) to libinit2.o(.ARM.Collect$$libinit$$0000000E) for __rt_lib_init_user_alloc_1
    libspace.o(.text) refers to libspace.o(.bss) for __libspace_start
    rtexit.o(.ARM.Collect$$rtexit$$00000000) refers (Special) to rtexit2.o(.ARM.Collect$$rtexit$$00000004) for __rt_exit_exit
    rtexit.o(.ARM.Collect$$rtexit$$00000000) refers (Special) to rtexit2.o(.ARM.Collect$$rtexit$$00000003) for __rt_exit_ls
    rtexit.o(.ARM.Collect$$rtexit$$00000000) refers (Special) to rtexit2.o(.ARM.Collect$$rtexit$$00000002) for __rt_exit_prels_1
    rtexit.o(.ARM.exidx) refers (Special) to rtexit2.o(.ARM.Collect$$rtexit$$00000004) for __rt_exit_exit
    rtexit.o(.ARM.exidx) refers (Special) to rtexit2.o(.ARM.Collect$$rtexit$$00000003) for __rt_exit_ls
    rtexit.o(.ARM.exidx) refers (Special) to rtexit2.o(.ARM.Collect$$rtexit$$00000002) for __rt_exit_prels_1
    rtexit.o(.ARM.exidx) refers to rtexit.o(.ARM.Collect$$rtexit$$00000000) for .ARM.Collect$$rtexit$$00000000
    libinit2.o(.ARM.Collect$$libinit$$00000012) refers to libinit2.o(.ARM.Collect$$libinit$$00000011) for .ARM.Collect$$libinit$$00000011
    libinit2.o(.ARM.Collect$$libinit$$00000014) refers to libinit2.o(.ARM.Collect$$libinit$$00000011) for .ARM.Collect$$libinit$$00000011
    libinit2.o(.ARM.Collect$$libinit$$00000016) refers to libinit2.o(.ARM.Collect$$libinit$$00000011) for .ARM.Collect$$libinit$$00000011
    libinit2.o(.ARM.Collect$$libinit$$00000018) refers to libinit2.o(.ARM.Collect$$libinit$$00000011) for .ARM.Collect$$libinit$$00000011
    libinit2.o(.ARM.Collect$$libinit$$0000001A) refers to libinit2.o(.ARM.Collect$$libinit$$00000011) for .ARM.Collect$$libinit$$00000011
    libinit2.o(.ARM.Collect$$libinit$$00000028) refers to argv_veneer.o(.emb_text) for __ARM_argv_veneer
    libinit2.o(.ARM.Collect$$libinit$$00000029) refers to argv_veneer.o(.emb_text) for __ARM_argv_veneer
    rtexit2.o(.ARM.Collect$$rtexit$$00000003) refers to libshutdown.o(.ARM.Collect$$libshutdown$$00000000) for __rt_lib_shutdown
    rtexit2.o(.ARM.Collect$$rtexit$$00000004) refers to sys_exit.o(.text) for _sys_exit
    rtexit2.o(.ARM.exidx) refers to rtexit2.o(.ARM.Collect$$rtexit$$00000001) for .ARM.Collect$$rtexit$$00000001
    rtexit2.o(.ARM.exidx) refers to rtexit2.o(.ARM.Collect$$rtexit$$00000003) for .ARM.Collect$$rtexit$$00000003
    rtexit2.o(.ARM.exidx) refers to rtexit2.o(.ARM.Collect$$rtexit$$00000004) for .ARM.Collect$$rtexit$$00000004
    argv_veneer.o(.emb_text) refers to no_argv.o(.text) for __ARM_get_argv
    sys_exit.o(.text) refers (Special) to use_no_semi.o(.text) for __I$use$semihosting
    sys_exit.o(.text) refers (Special) to indicate_semi.o(.text) for __semihosting_library_function
    sys_exit_hlt.o(.text) refers (Special) to use_no_semi.o(.text) for __I$use$semihosting
    sys_exit_hlt.o(.text) refers (Special) to indicate_semi.o(.text) for __semihosting_library_function
    _get_argv_nomalloc.o(.text) refers (Special) to hrguard.o(.text) for __heap_region$guard
    _get_argv_nomalloc.o(.text) refers to defsig_rtmem_outer.o(.text) for __rt_SIGRTMEM
    _get_argv_nomalloc.o(.text) refers to sys_command.o(.text) for _sys_command_string
    libshutdown.o(.ARM.Collect$$libshutdown$$00000000) refers (Special) to libshutdown2.o(.ARM.Collect$$libshutdown$$00000002) for __rt_lib_shutdown_cpp_1
    libshutdown.o(.ARM.Collect$$libshutdown$$00000000) refers (Special) to libshutdown2.o(.ARM.Collect$$libshutdown$$00000007) for __rt_lib_shutdown_fp_trap_1
    libshutdown.o(.ARM.Collect$$libshutdown$$00000000) refers (Special) to libshutdown2.o(.ARM.Collect$$libshutdown$$0000000F) for __rt_lib_shutdown_heap_1
    libshutdown.o(.ARM.Collect$$libshutdown$$00000000) refers (Special) to libshutdown2.o(.ARM.Collect$$libshutdown$$00000010) for __rt_lib_shutdown_return
    libshutdown.o(.ARM.Collect$$libshutdown$$00000000) refers (Special) to libshutdown2.o(.ARM.Collect$$libshutdown$$0000000A) for __rt_lib_shutdown_signal_1
    libshutdown.o(.ARM.Collect$$libshutdown$$00000000) refers (Special) to libshutdown2.o(.ARM.Collect$$libshutdown$$00000004) for __rt_lib_shutdown_stdio_1
    libshutdown.o(.ARM.Collect$$libshutdown$$00000000) refers (Special) to libshutdown2.o(.ARM.Collect$$libshutdown$$0000000C) for __rt_lib_shutdown_user_alloc_1
    sys_command.o(.text) refers (Special) to use_no_semi.o(.text) for __I$use$semihosting
    sys_command.o(.text) refers (Special) to indicate_semi.o(.text) for __semihosting_library_function
    sys_command_hlt.o(.text) refers (Special) to use_no_semi.o(.text) for __I$use$semihosting
    sys_command_hlt.o(.text) refers (Special) to indicate_semi.o(.text) for __semihosting_library_function
    defsig_rtmem_outer.o(.text) refers to defsig_rtmem_inner.o(.text) for __rt_SIGRTMEM_inner
    defsig_rtmem_outer.o(.text) refers to defsig_exit.o(.text) for __sig_exit
    defsig_rtmem_formal.o(.text) refers to rt_raise.o(.text) for __rt_raise
    rt_raise.o(.text) refers to __raise.o(.text) for __raise
    rt_raise.o(.text) refers to sys_exit.o(.text) for _sys_exit
    defsig_exit.o(.text) refers to sys_exit.o(.text) for _sys_exit
    defsig_rtmem_inner.o(.text) refers to defsig_general.o(.text) for __default_signal_display
    __raise.o(.text) refers to defsig.o(CL$$defsig) for __default_signal_handler
    defsig_general.o(.text) refers to sys_wrch.o(.text) for _ttywrch
    sys_wrch.o(.text) refers (Special) to use_no_semi.o(.text) for __I$use$semihosting
    sys_wrch.o(.text) refers (Special) to indicate_semi.o(.text) for __semihosting_library_function
    sys_wrch_hlt.o(.text) refers (Special) to use_no_semi.o(.text) for __I$use$semihosting
    sys_wrch_hlt.o(.text) refers (Special) to indicate_semi.o(.text) for __semihosting_library_function
    defsig.o(CL$$defsig) refers to defsig_rtmem_inner.o(.text) for __rt_SIGRTMEM_inner
    defsig_abrt_inner.o(.text) refers to defsig_general.o(.text) for __default_signal_display
    defsig_fpe_inner.o(.text) refers to defsig_general.o(.text) for __default_signal_display
    defsig_rtred_inner.o(.text) refers to defsig_general.o(.text) for __default_signal_display
    defsig_stak_inner.o(.text) refers to defsig_general.o(.text) for __default_signal_display
    defsig_pvfn_inner.o(.text) refers to defsig_general.o(.text) for __default_signal_display
    defsig_cppl_inner.o(.text) refers to defsig_general.o(.text) for __default_signal_display
    defsig_segv_inner.o(.text) refers to defsig_general.o(.text) for __default_signal_display
    defsig_other.o(.text) refers to defsig_general.o(.text) for __default_signal_display


==============================================================================

Removing Unused input sections from the image.

    Removing main.o(.text), (0 bytes).
    Removing main.o(.ARM.exidx.text.main), (8 bytes).
    Removing main.o(.ARM.exidx.text.TIM2_IRQHandler), (8 bytes).
    Removing main.o(.bss.parking_slots), (12 bytes).
    Removing main.o(.ARM.use_no_argv), (4 bytes).
    Removing timer.o(.text), (0 bytes).
    Removing timer.o(.ARM.exidx.text.timer_init), (8 bytes).
    Removing timer.o(.ARM.exidx.text.timer_enabled), (8 bytes).
    Removing timer.o(.ARM.exidx.text.timer_disabled), (8 bytes).
    Removing infraredsensor.o(.text), (0 bytes).
    Removing infraredsensor.o(.ARM.exidx.text.infrared_init), (8 bytes).
    Removing infraredsensor.o(.text.read_sensor1), (16 bytes).
    Removing infraredsensor.o(.ARM.exidx.text.read_sensor1), (8 bytes).
    Removing infraredsensor.o(.text.read_sensor2), (16 bytes).
    Removing infraredsensor.o(.ARM.exidx.text.read_sensor2), (8 bytes).
    Removing infraredsensor.o(.text.read_sensor3), (16 bytes).
    Removing infraredsensor.o(.ARM.exidx.text.read_sensor3), (8 bytes).
    Removing infraredsensor.o(.text.read_sensor4), (16 bytes).
    Removing infraredsensor.o(.ARM.exidx.text.read_sensor4), (8 bytes).
    Removing infraredsensor.o(.text.read_sensor5), (16 bytes).
    Removing infraredsensor.o(.ARM.exidx.text.read_sensor5), (8 bytes).
    Removing infraredsensor.o(.ARM.exidx.text.debounce), (8 bytes).
    Removing i2c.o(.text), (0 bytes).
    Removing i2c.o(.ARM.exidx.text.i2c_init), (8 bytes).
    Removing i2c.o(.ARM.exidx.text.i2c_start), (8 bytes).
    Removing i2c.o(.ARM.exidx.text.i2c_stop), (8 bytes).
    Removing i2c.o(.ARM.exidx.text.i2c_address), (8 bytes).
    Removing i2c.o(.ARM.exidx.text.i2c_write), (8 bytes).
    Removing i2c.o(.text.i2c_writereg8), (138 bytes).
    Removing i2c.o(.ARM.exidx.text.i2c_writereg8), (8 bytes).
    Removing i2c.o(.text.i2c_writereg16), (166 bytes).
    Removing i2c.o(.ARM.exidx.text.i2c_writereg16), (8 bytes).
    Removing i2c.o(.text.i2c_readreg8), (190 bytes).
    Removing i2c.o(.ARM.exidx.text.i2c_readreg8), (8 bytes).
    Removing i2c.o(.text.i2c_readreg16), (220 bytes).
    Removing i2c.o(.ARM.exidx.text.i2c_readreg16), (8 bytes).
    Removing i2c.o(.text.i2c_read_multi), (258 bytes).
    Removing i2c.o(.ARM.exidx.text.i2c_read_multi), (8 bytes).
    Removing lcd-i2c.o(.text), (0 bytes).
    Removing lcd-i2c.o(.ARM.exidx.text.lcd_i2c_data), (8 bytes).
    Removing lcd-i2c.o(.ARM.exidx.text.lcd_i2c_cmd), (8 bytes).
    Removing lcd-i2c.o(.ARM.exidx.text.lcd_i2c_init), (8 bytes).
    Removing lcd-i2c.o(.text.lcd_i2c_send), (38 bytes).
    Removing lcd-i2c.o(.ARM.exidx.text.lcd_i2c_send), (8 bytes).
    Removing lcd-i2c.o(.ARM.exidx.text.lcd_i2c_msg), (8 bytes).
    Removing lcd-i2c.o(.ARM.exidx.text.lcd_clear), (8 bytes).
    Removing lcd-i2c.o(.text.lcd_clear_line1), (66 bytes).
    Removing lcd-i2c.o(.ARM.exidx.text.lcd_clear_line1), (8 bytes).
    Removing lcd-i2c.o(.ARM.exidx.text.lcd_clear_line2), (8 bytes).
    Removing pcf8574.o(.text), (0 bytes).
    Removing pcf8574.o(.ARM.exidx.text.PCF8574_tx_byte), (8 bytes).
    Removing systick_time.o(.text), (0 bytes).
    Removing systick_time.o(.ARM.exidx.text.systick_init), (8 bytes).
    Removing systick_time.o(.text.Delaymicro), (24 bytes).
    Removing systick_time.o(.ARM.exidx.text.Delaymicro), (8 bytes).
    Removing systick_time.o(.ARM.exidx.text.DelayUs), (8 bytes).
    Removing systick_time.o(.text.DelayMillis), (32 bytes).
    Removing systick_time.o(.ARM.exidx.text.DelayMillis), (8 bytes).
    Removing systick_time.o(.ARM.exidx.text.DelayMs), (8 bytes).
    Removing systick_time.o(.text.systick_int_start), (38 bytes).
    Removing systick_time.o(.ARM.exidx.text.systick_int_start), (8 bytes).
    Removing systick_time.o(.text.systick_int), (130 bytes).
    Removing systick_time.o(.ARM.exidx.text.systick_int), (8 bytes).
    Removing servo.o(.text), (0 bytes).
    Removing servo.o(.text.servo_init), (94 bytes).
    Removing servo.o(.ARM.exidx.text.servo_init), (8 bytes).
    Removing servo.o(.text.servo_enabled), (18 bytes).
    Removing servo.o(.ARM.exidx.text.servo_enabled), (8 bytes).
    Removing servo.o(.ARM.exidx.text.servo_start), (8 bytes).
    Removing servo.o(.ARM.exidx.text.xetgoc1), (8 bytes).
    Removing servo.o(.text.xetgoc2), (20 bytes).
    Removing servo.o(.ARM.exidx.text.xetgoc2), (8 bytes).
    Removing buzzer.o(.text), (0 bytes).
    Removing buzzer.o(.ARM.exidx.text.buzzer_init), (8 bytes).
    Removing buzzer.o(.ARM.exidx.text.buzzer_enabled), (8 bytes).
    Removing buzzer.o(.ARM.exidx.text.buzzer_disabled), (8 bytes).
    Removing system_stm32f10x.o(.text), (0 bytes).
    Removing system_stm32f10x.o(.ARM.exidx.text.SystemInit), (8 bytes).
    Removing system_stm32f10x.o(.text.SystemCoreClockUpdate), (94 bytes).
    Removing system_stm32f10x.o(.ARM.exidx.text.SystemCoreClockUpdate), (8 bytes).
    Removing system_stm32f10x.o(.data.SystemCoreClock), (4 bytes).
    Removing system_stm32f10x.o(.rodata.AHBPrescTable), (16 bytes).

82 unused section(s) (total 2026 bytes) removed from the image.

==============================================================================

Image Symbol Table

    Local Symbols

    Symbol Name                              Value     Ov Type        Size  Object(Section)

    ../clib/angel/boardlib.s                 0x00000000   Number         0  boardinit1.o ABSOLUTE
    ../clib/angel/boardlib.s                 0x00000000   Number         0  boardinit2.o ABSOLUTE
    ../clib/angel/boardlib.s                 0x00000000   Number         0  boardinit3.o ABSOLUTE
    ../clib/angel/boardlib.s                 0x00000000   Number         0  boardshut.o ABSOLUTE
    ../clib/angel/handlers.s                 0x00000000   Number         0  __scatter_copy.o ABSOLUTE
    ../clib/angel/handlers.s                 0x00000000   Number         0  __scatter_zi.o ABSOLUTE
    ../clib/angel/kernel.s                   0x00000000   Number         0  __rtentry.o ABSOLUTE
    ../clib/angel/kernel.s                   0x00000000   Number         0  __rtentry2.o ABSOLUTE
    ../clib/angel/kernel.s                   0x00000000   Number         0  __rtentry4.o ABSOLUTE
    ../clib/angel/kernel.s                   0x00000000   Number         0  rtexit.o ABSOLUTE
    ../clib/angel/kernel.s                   0x00000000   Number         0  rtexit2.o ABSOLUTE
    ../clib/angel/rt.s                       0x00000000   Number         0  rt_raise.o ABSOLUTE
    ../clib/angel/scatter.s                  0x00000000   Number         0  __scatter.o ABSOLUTE
    ../clib/angel/startup.s                  0x00000000   Number         0  __main.o ABSOLUTE
    ../clib/angel/sys.s                      0x00000000   Number         0  sys_stackheap_outer.o ABSOLUTE
    ../clib/angel/sys.s                      0x00000000   Number         0  libspace.o ABSOLUTE
    ../clib/angel/sys.s                      0x00000000   Number         0  use_no_semi.o ABSOLUTE
    ../clib/angel/sys.s                      0x00000000   Number         0  indicate_semi.o ABSOLUTE
    ../clib/angel/sysapp.c                   0x00000000   Number         0  sys_exit.o ABSOLUTE
    ../clib/angel/sysapp.c                   0x00000000   Number         0  sys_exit_hlt.o ABSOLUTE
    ../clib/angel/sysapp.c                   0x00000000   Number         0  sys_command.o ABSOLUTE
    ../clib/angel/sysapp.c                   0x00000000   Number         0  sys_command_hlt.o ABSOLUTE
    ../clib/angel/sysapp.c                   0x00000000   Number         0  sys_wrch.o ABSOLUTE
    ../clib/angel/sysapp.c                   0x00000000   Number         0  sys_wrch_hlt.o ABSOLUTE
    ../clib/armsys.c                         0x00000000   Number         0  argv_veneer.o ABSOLUTE
    ../clib/armsys.c                         0x00000000   Number         0  argv_veneer.o ABSOLUTE
    ../clib/armsys.c                         0x00000000   Number         0  _get_argv_nomalloc.o ABSOLUTE
    ../clib/armsys.c                         0x00000000   Number         0  no_argv.o ABSOLUTE
    ../clib/heapalloc.c                      0x00000000   Number         0  hrguard.o ABSOLUTE
    ../clib/heapaux.c                        0x00000000   Number         0  heapauxi.o ABSOLUTE
    ../clib/libinit.s                        0x00000000   Number         0  libinit.o ABSOLUTE
    ../clib/libinit.s                        0x00000000   Number         0  libinit2.o ABSOLUTE
    ../clib/libinit.s                        0x00000000   Number         0  libshutdown.o ABSOLUTE
    ../clib/libinit.s                        0x00000000   Number         0  libshutdown2.o ABSOLUTE
    ../clib/printf.c                         0x00000000   Number         0  __2sprintf.o ABSOLUTE
    ../clib/printf.c                         0x00000000   Number         0  noretval__2sprintf.o ABSOLUTE
    ../clib/printf.c                         0x00000000   Number         0  __printf.o ABSOLUTE
    ../clib/printf.c                         0x00000000   Number         0  _printf_str.o ABSOLUTE
    ../clib/printf.c                         0x00000000   Number         0  _printf_dec.o ABSOLUTE
    ../clib/printf.c                         0x00000000   Number         0  __printf_flags.o ABSOLUTE
    ../clib/printf.c                         0x00000000   Number         0  __printf_ss.o ABSOLUTE
    ../clib/printf.c                         0x00000000   Number         0  __printf_flags_ss.o ABSOLUTE
    ../clib/printf.c                         0x00000000   Number         0  __printf_wp.o ABSOLUTE
    ../clib/printf.c                         0x00000000   Number         0  __printf_flags_wp.o ABSOLUTE
    ../clib/printf.c                         0x00000000   Number         0  __printf_ss_wp.o ABSOLUTE
    ../clib/printf.c                         0x00000000   Number         0  __printf_flags_ss_wp.o ABSOLUTE
    ../clib/printf.c                         0x00000000   Number         0  _printf_intcommon.o ABSOLUTE
    ../clib/printf.c                         0x00000000   Number         0  _printf_char_common.o ABSOLUTE
    ../clib/printf.c                         0x00000000   Number         0  _sputc.o ABSOLUTE
    ../clib/printf.c                         0x00000000   Number         0  _printf_char.o ABSOLUTE
    ../clib/printf.c                         0x00000000   Number         0  __printf_nopercent.o ABSOLUTE
    ../clib/printf_percent.s                 0x00000000   Number         0  _printf_c.o ABSOLUTE
    ../clib/printf_percent.s                 0x00000000   Number         0  _printf_d.o ABSOLUTE
    ../clib/printf_percent.s                 0x00000000   Number         0  _printf_percent.o ABSOLUTE
    ../clib/printf_percent.s                 0x00000000   Number         0  _printf_percent_end.o ABSOLUTE
    ../clib/signal.c                         0x00000000   Number         0  defsig_rtmem_outer.o ABSOLUTE
    ../clib/signal.c                         0x00000000   Number         0  defsig_rtmem_formal.o ABSOLUTE
    ../clib/signal.c                         0x00000000   Number         0  defsig_exit.o ABSOLUTE
    ../clib/signal.c                         0x00000000   Number         0  defsig_rtmem_inner.o ABSOLUTE
    ../clib/signal.c                         0x00000000   Number         0  __raise.o ABSOLUTE
    ../clib/signal.c                         0x00000000   Number         0  defsig_general.o ABSOLUTE
    ../clib/signal.c                         0x00000000   Number         0  defsig_abrt_inner.o ABSOLUTE
    ../clib/signal.c                         0x00000000   Number         0  defsig_fpe_inner.o ABSOLUTE
    ../clib/signal.c                         0x00000000   Number         0  defsig_rtred_inner.o ABSOLUTE
    ../clib/signal.c                         0x00000000   Number         0  defsig_stak_inner.o ABSOLUTE
    ../clib/signal.c                         0x00000000   Number         0  defsig_pvfn_inner.o ABSOLUTE
    ../clib/signal.c                         0x00000000   Number         0  defsig_cppl_inner.o ABSOLUTE
    ../clib/signal.c                         0x00000000   Number         0  defsig_segv_inner.o ABSOLUTE
    ../clib/signal.c                         0x00000000   Number         0  defsig_other.o ABSOLUTE
    ../clib/signal.s                         0x00000000   Number         0  defsig.o ABSOLUTE
    ../clib/stdlib.c                         0x00000000   Number         0  exit.o ABSOLUTE
    ../fplib/fpinit.s                        0x00000000   Number         0  fpinit.o ABSOLUTE
    ../fplib/fpinit_empty.s                  0x00000000   Number         0  fpinit_empty.o ABSOLUTE
    RTE/Device/STM32F103C8/startup_stm32f10x_md.s 0x00000000   Number         0  startup_stm32f10x_md.o ABSOLUTE
    buzzer.c                                 0x00000000   Number         0  buzzer.o ABSOLUTE
    dc.s                                     0x00000000   Number         0  dc.o ABSOLUTE
    i2c.c                                    0x00000000   Number         0  i2c.o ABSOLUTE
    infraredsensor.c                         0x00000000   Number         0  infraredsensor.o ABSOLUTE
    lcd-i2c.c                                0x00000000   Number         0  lcd-i2c.o ABSOLUTE
    main.c                                   0x00000000   Number         0  main.o ABSOLUTE
    pcf8574.c                                0x00000000   Number         0  pcf8574.o ABSOLUTE
    servo.c                                  0x00000000   Number         0  servo.o ABSOLUTE
    system_stm32f10x.c                       0x00000000   Number         0  system_stm32f10x.o ABSOLUTE
    systick_time.c                           0x00000000   Number         0  systick_time.o ABSOLUTE
    timer.c                                  0x00000000   Number         0  timer.o ABSOLUTE
    RESET                                    0x08000000   Section      236  startup_stm32f10x_md.o(RESET)
    !!!main                                  0x080000ec   Section        8  __main.o(!!!main)
    !!!scatter                               0x080000f4   Section       92  __scatter.o(!!!scatter)
    !!handler_copy                           0x08000150   Section       26  __scatter_copy.o(!!handler_copy)
    !!handler_null                           0x0800016c   Section        2  __scatter.o(!!handler_null)
    !!handler_zi                             0x08000170   Section       28  __scatter_zi.o(!!handler_zi)
    .ARM.Collect$$_printf_percent$$00000000  0x0800018c   Section        0  _printf_percent.o(.ARM.Collect$$_printf_percent$$00000000)
    .ARM.Collect$$_printf_percent$$00000009  0x0800018c   Section        6  _printf_d.o(.ARM.Collect$$_printf_percent$$00000009)
    .ARM.Collect$$_printf_percent$$00000013  0x08000192   Section        6  _printf_c.o(.ARM.Collect$$_printf_percent$$00000013)
    .ARM.Collect$$_printf_percent$$00000017  0x08000198   Section        4  _printf_percent_end.o(.ARM.Collect$$_printf_percent$$00000017)
    .ARM.Collect$$libinit$$00000000          0x0800019c   Section        2  libinit.o(.ARM.Collect$$libinit$$00000000)
    .ARM.Collect$$libinit$$00000002          0x0800019e   Section        0  libinit2.o(.ARM.Collect$$libinit$$00000002)
    .ARM.Collect$$libinit$$00000004          0x0800019e   Section        0  libinit2.o(.ARM.Collect$$libinit$$00000004)
    .ARM.Collect$$libinit$$00000006          0x0800019e   Section        0  libinit2.o(.ARM.Collect$$libinit$$00000006)
    .ARM.Collect$$libinit$$0000000C          0x0800019e   Section        0  libinit2.o(.ARM.Collect$$libinit$$0000000C)
    .ARM.Collect$$libinit$$0000000E          0x0800019e   Section        0  libinit2.o(.ARM.Collect$$libinit$$0000000E)
    .ARM.Collect$$libinit$$00000010          0x0800019e   Section        0  libinit2.o(.ARM.Collect$$libinit$$00000010)
    .ARM.Collect$$libinit$$00000013          0x0800019e   Section        0  libinit2.o(.ARM.Collect$$libinit$$00000013)
    .ARM.Collect$$libinit$$00000015          0x0800019e   Section        0  libinit2.o(.ARM.Collect$$libinit$$00000015)
    .ARM.Collect$$libinit$$00000017          0x0800019e   Section        0  libinit2.o(.ARM.Collect$$libinit$$00000017)
    .ARM.Collect$$libinit$$00000019          0x0800019e   Section        0  libinit2.o(.ARM.Collect$$libinit$$00000019)
    .ARM.Collect$$libinit$$0000001B          0x0800019e   Section        0  libinit2.o(.ARM.Collect$$libinit$$0000001B)
    .ARM.Collect$$libinit$$0000001D          0x0800019e   Section        0  libinit2.o(.ARM.Collect$$libinit$$0000001D)
    .ARM.Collect$$libinit$$0000001F          0x0800019e   Section        0  libinit2.o(.ARM.Collect$$libinit$$0000001F)
    .ARM.Collect$$libinit$$00000021          0x0800019e   Section        0  libinit2.o(.ARM.Collect$$libinit$$00000021)
    .ARM.Collect$$libinit$$00000023          0x0800019e   Section        0  libinit2.o(.ARM.Collect$$libinit$$00000023)
    .ARM.Collect$$libinit$$00000025          0x0800019e   Section        0  libinit2.o(.ARM.Collect$$libinit$$00000025)
    .ARM.Collect$$libinit$$00000027          0x0800019e   Section        0  libinit2.o(.ARM.Collect$$libinit$$00000027)
    .ARM.Collect$$libinit$$0000002E          0x0800019e   Section        0  libinit2.o(.ARM.Collect$$libinit$$0000002E)
    .ARM.Collect$$libinit$$00000030          0x0800019e   Section        0  libinit2.o(.ARM.Collect$$libinit$$00000030)
    .ARM.Collect$$libinit$$00000032          0x0800019e   Section        0  libinit2.o(.ARM.Collect$$libinit$$00000032)
    .ARM.Collect$$libinit$$00000034          0x0800019e   Section        0  libinit2.o(.ARM.Collect$$libinit$$00000034)
    .ARM.Collect$$libinit$$00000035          0x0800019e   Section        2  libinit2.o(.ARM.Collect$$libinit$$00000035)
    .ARM.Collect$$libshutdown$$00000000      0x080001a0   Section        2  libshutdown.o(.ARM.Collect$$libshutdown$$00000000)
    .ARM.Collect$$libshutdown$$00000002      0x080001a2   Section        0  libshutdown2.o(.ARM.Collect$$libshutdown$$00000002)
    .ARM.Collect$$libshutdown$$00000004      0x080001a2   Section        0  libshutdown2.o(.ARM.Collect$$libshutdown$$00000004)
    .ARM.Collect$$libshutdown$$00000007      0x080001a2   Section        0  libshutdown2.o(.ARM.Collect$$libshutdown$$00000007)
    .ARM.Collect$$libshutdown$$0000000A      0x080001a2   Section        0  libshutdown2.o(.ARM.Collect$$libshutdown$$0000000A)
    .ARM.Collect$$libshutdown$$0000000C      0x080001a2   Section        0  libshutdown2.o(.ARM.Collect$$libshutdown$$0000000C)
    .ARM.Collect$$libshutdown$$0000000F      0x080001a2   Section        0  libshutdown2.o(.ARM.Collect$$libshutdown$$0000000F)
    .ARM.Collect$$libshutdown$$00000010      0x080001a2   Section        2  libshutdown2.o(.ARM.Collect$$libshutdown$$00000010)
    .ARM.Collect$$rtentry$$00000000          0x080001a4   Section        0  __rtentry.o(.ARM.Collect$$rtentry$$00000000)
    .ARM.Collect$$rtentry$$00000002          0x080001a4   Section        0  __rtentry2.o(.ARM.Collect$$rtentry$$00000002)
    .ARM.Collect$$rtentry$$00000004          0x080001a4   Section        6  __rtentry4.o(.ARM.Collect$$rtentry$$00000004)
    .ARM.Collect$$rtentry$$00000009          0x080001aa   Section        0  __rtentry2.o(.ARM.Collect$$rtentry$$00000009)
    .ARM.Collect$$rtentry$$0000000A          0x080001aa   Section        4  __rtentry2.o(.ARM.Collect$$rtentry$$0000000A)
    .ARM.Collect$$rtentry$$0000000C          0x080001ae   Section        0  __rtentry2.o(.ARM.Collect$$rtentry$$0000000C)
    .ARM.Collect$$rtentry$$0000000D          0x080001ae   Section        8  __rtentry2.o(.ARM.Collect$$rtentry$$0000000D)
    .ARM.Collect$$rtexit$$00000000           0x080001b6   Section        2  rtexit.o(.ARM.Collect$$rtexit$$00000000)
    .ARM.Collect$$rtexit$$00000002           0x080001b8   Section        0  rtexit2.o(.ARM.Collect$$rtexit$$00000002)
    .ARM.Collect$$rtexit$$00000003           0x080001b8   Section        4  rtexit2.o(.ARM.Collect$$rtexit$$00000003)
    .ARM.Collect$$rtexit$$00000004           0x080001bc   Section        6  rtexit2.o(.ARM.Collect$$rtexit$$00000004)
    .text                                    0x080001c4   Section       64  startup_stm32f10x_md.o(.text)
    .text                                    0x08000204   Section        0  noretval__2sprintf.o(.text)
    .text                                    0x0800022c   Section        0  __printf.o(.text)
    .text                                    0x08000294   Section        0  _printf_str.o(.text)
    .text                                    0x080002e8   Section        0  _printf_dec.o(.text)
    .text                                    0x08000360   Section        0  heapauxi.o(.text)
    .text                                    0x08000366   Section        0  _printf_intcommon.o(.text)
    _printf_input_char                       0x08000419   Thumb Code    10  _printf_char_common.o(.text)
    .text                                    0x08000418   Section        0  _printf_char_common.o(.text)
    .text                                    0x08000448   Section        0  _sputc.o(.text)
    .text                                    0x08000452   Section        0  _printf_char.o(.text)
    .text                                    0x0800047e   Section       74  sys_stackheap_outer.o(.text)
    .text                                    0x080004c8   Section        0  exit.o(.text)
    .text                                    0x080004dc   Section        8  libspace.o(.text)
    .text                                    0x080004e4   Section        0  sys_exit.o(.text)
    .text                                    0x080004f0   Section        2  use_no_semi.o(.text)
    .text                                    0x080004f2   Section        0  indicate_semi.o(.text)
    [Anonymous Symbol]                       0x080004f4   Section        0  systick_time.o(.text.DelayMs)
    [Anonymous Symbol]                       0x08000520   Section        0  systick_time.o(.text.DelayUs)
    [Anonymous Symbol]                       0x08000548   Section        0  pcf8574.o(.text.PCF8574_tx_byte)
    [Anonymous Symbol]                       0x08000568   Section        0  system_stm32f10x.o(.text.SystemInit)
    [Anonymous Symbol]                       0x08000678   Section        0  main.o(.text.TIM2_IRQHandler)
    [Anonymous Symbol]                       0x080006b0   Section        0  buzzer.o(.text.buzzer_disabled)
    [Anonymous Symbol]                       0x080006c4   Section        0  buzzer.o(.text.buzzer_enabled)
    [Anonymous Symbol]                       0x080006d8   Section        0  buzzer.o(.text.buzzer_init)
    [Anonymous Symbol]                       0x08000704   Section        0  infraredsensor.o(.text.debounce)
    [Anonymous Symbol]                       0x08000730   Section        0  i2c.o(.text.i2c_address)
    [Anonymous Symbol]                       0x08000768   Section        0  i2c.o(.text.i2c_init)
    [Anonymous Symbol]                       0x080007c8   Section        0  i2c.o(.text.i2c_start)
    [Anonymous Symbol]                       0x080007e0   Section        0  i2c.o(.text.i2c_stop)
    [Anonymous Symbol]                       0x080007f4   Section        0  i2c.o(.text.i2c_write)
    [Anonymous Symbol]                       0x08000810   Section        0  infraredsensor.o(.text.infrared_init)
    [Anonymous Symbol]                       0x08000848   Section        0  lcd-i2c.o(.text.lcd_clear)
    [Anonymous Symbol]                       0x0800085c   Section        0  lcd-i2c.o(.text.lcd_clear_line2)
    [Anonymous Symbol]                       0x080008a0   Section        0  lcd-i2c.o(.text.lcd_i2c_cmd)
    [Anonymous Symbol]                       0x08000908   Section        0  lcd-i2c.o(.text.lcd_i2c_data)
    [Anonymous Symbol]                       0x08000970   Section        0  lcd-i2c.o(.text.lcd_i2c_init)
    [Anonymous Symbol]                       0x08000a6c   Section        0  lcd-i2c.o(.text.lcd_i2c_msg)
    [Anonymous Symbol]                       0x08000aac   Section        0  main.o(.text.main)
    [Anonymous Symbol]                       0x08000e20   Section        0  servo.o(.text.servo_start)
    [Anonymous Symbol]                       0x08000e88   Section        0  systick_time.o(.text.systick_init)
    [Anonymous Symbol]                       0x08000ea4   Section        0  timer.o(.text.timer_disabled)
    [Anonymous Symbol]                       0x08000eb4   Section        0  timer.o(.text.timer_enabled)
    [Anonymous Symbol]                       0x08000ec4   Section        0  timer.o(.text.timer_init)
    [Anonymous Symbol]                       0x08000f00   Section        0  servo.o(.text.xetgoc1)
    .L.str.7                                 0x08000f14   Data          20  main.o(.rodata.str1.1)
    [Anonymous Symbol]                       0x08000f14   Section        0  main.o(.rodata.str1.1)
    .L.str.8                                 0x08000f28   Data          14  main.o(.rodata.str1.1)
    .L.str.9                                 0x08000f36   Data          10  main.o(.rodata.str1.1)
    .L.str                                   0x08000f40   Data          17  lcd-i2c.o(.rodata.str1.1)
    [Anonymous Symbol]                       0x08000f40   Section        0  lcd-i2c.o(.rodata.str1.1)
    .bss                                     0x20000010   Section       96  libspace.o(.bss)
    Heap_Mem                                 0x200000a0   Data         512  startup_stm32f10x_md.o(HEAP)
    HEAP                                     0x200000a0   Section      512  startup_stm32f10x_md.o(HEAP)
    Stack_Mem                                0x200002a0   Data        1024  startup_stm32f10x_md.o(STACK)
    STACK                                    0x200002a0   Section     1024  startup_stm32f10x_md.o(STACK)
    __initial_sp                             0x200006a0   Data           0  startup_stm32f10x_md.o(STACK)

    Global Symbols

    Symbol Name                              Value     Ov Type        Size  Object(Section)

    BuildAttributes$$THM_ISAv4$P$D$K$B$S$PE$A:L22UL41UL21$X:L11$S22US41US21$IEEE1$IW$~IW$USESV6$~STKCKD$USESV7$~SHL$OTIME$ROPI$EBA8$UX$STANDARDLIB$REQ8$PRES8$EABIv2 0x00000000   Number         0  anon$$obj.o ABSOLUTE
    __fp_init_empty                          0x00000000   Number         0  fpinit_empty.o ABSOLUTE
    __ARM_exceptions_init                     - Undefined Weak Reference
    __alloca_initialize                       - Undefined Weak Reference
    __arm_preinit_                            - Undefined Weak Reference
    __arm_relocate_pie_                       - Undefined Weak Reference
    __cpp_initialize__aeabi_                  - Undefined Weak Reference
    __cxa_finalize                            - Undefined Weak Reference
    __rt_locale                               - Undefined Weak Reference
    __sigvec_lookup                           - Undefined Weak Reference
    _atexit_init                              - Undefined Weak Reference
    _call_atexit_fns                          - Undefined Weak Reference
    _clock_init                               - Undefined Weak Reference
    _fp_trap_init                             - Undefined Weak Reference
    _fp_trap_shutdown                         - Undefined Weak Reference
    _get_lc_collate                           - Undefined Weak Reference
    _get_lc_ctype                             - Undefined Weak Reference
    _get_lc_monetary                          - Undefined Weak Reference
    _get_lc_numeric                           - Undefined Weak Reference
    _get_lc_time                              - Undefined Weak Reference
    _getenv_init                              - Undefined Weak Reference
    _handle_redirection                       - Undefined Weak Reference
    _init_alloc                               - Undefined Weak Reference
    _init_user_alloc                          - Undefined Weak Reference
    _initio                                   - Undefined Weak Reference
    _printf_mbtowc                            - Undefined Weak Reference
    _printf_post_padding                      - Undefined Weak Reference
    _printf_pre_padding                       - Undefined Weak Reference
    _printf_truncate_signed                   - Undefined Weak Reference
    _printf_truncate_unsigned                 - Undefined Weak Reference
    _rand_init                                - Undefined Weak Reference
    _signal_finish                            - Undefined Weak Reference
    _signal_init                              - Undefined Weak Reference
    _terminate_alloc                          - Undefined Weak Reference
    _terminate_user_alloc                     - Undefined Weak Reference
    _terminateio                              - Undefined Weak Reference
    __Vectors_Size                           0x000000ec   Number         0  startup_stm32f10x_md.o ABSOLUTE
    __Vectors                                0x08000000   Data           4  startup_stm32f10x_md.o(RESET)
    __Vectors_End                            0x080000ec   Data           0  startup_stm32f10x_md.o(RESET)
    __main                                   0x080000ed   Thumb Code     8  __main.o(!!!main)
    __scatterload                            0x080000f5   Thumb Code     0  __scatter.o(!!!scatter)
    __scatterload_rt2                        0x080000f5   Thumb Code    84  __scatter.o(!!!scatter)
    __scatterload_rt2_thumb_only             0x080000f5   Thumb Code     0  __scatter.o(!!!scatter)
    __scatterload_loop                       0x080000ff   Thumb Code     0  __scatter.o(!!!scatter)
    __scatterload_copy                       0x08000151   Thumb Code    26  __scatter_copy.o(!!handler_copy)
    __scatterload_null                       0x0800016d   Thumb Code     2  __scatter.o(!!handler_null)
    __scatterload_zeroinit                   0x08000171   Thumb Code    28  __scatter_zi.o(!!handler_zi)
    _printf_d                                0x0800018d   Thumb Code     0  _printf_d.o(.ARM.Collect$$_printf_percent$$00000009)
    _printf_percent                          0x0800018d   Thumb Code     0  _printf_percent.o(.ARM.Collect$$_printf_percent$$00000000)
    _printf_c                                0x08000193   Thumb Code     0  _printf_c.o(.ARM.Collect$$_printf_percent$$00000013)
    _printf_percent_end                      0x08000199   Thumb Code     0  _printf_percent_end.o(.ARM.Collect$$_printf_percent$$00000017)
    __rt_lib_init                            0x0800019d   Thumb Code     0  libinit.o(.ARM.Collect$$libinit$$00000000)
    __rt_lib_init_alloca_1                   0x0800019f   Thumb Code     0  libinit2.o(.ARM.Collect$$libinit$$00000030)
    __rt_lib_init_argv_1                     0x0800019f   Thumb Code     0  libinit2.o(.ARM.Collect$$libinit$$0000002E)
    __rt_lib_init_atexit_1                   0x0800019f   Thumb Code     0  libinit2.o(.ARM.Collect$$libinit$$0000001D)
    __rt_lib_init_clock_1                    0x0800019f   Thumb Code     0  libinit2.o(.ARM.Collect$$libinit$$00000023)
    __rt_lib_init_cpp_1                      0x0800019f   Thumb Code     0  libinit2.o(.ARM.Collect$$libinit$$00000034)
    __rt_lib_init_exceptions_1               0x0800019f   Thumb Code     0  libinit2.o(.ARM.Collect$$libinit$$00000032)
    __rt_lib_init_fp_1                       0x0800019f   Thumb Code     0  libinit2.o(.ARM.Collect$$libinit$$00000002)
    __rt_lib_init_fp_trap_1                  0x0800019f   Thumb Code     0  libinit2.o(.ARM.Collect$$libinit$$00000021)
    __rt_lib_init_getenv_1                   0x0800019f   Thumb Code     0  libinit2.o(.ARM.Collect$$libinit$$00000025)
    __rt_lib_init_heap_1                     0x0800019f   Thumb Code     0  libinit2.o(.ARM.Collect$$libinit$$0000000C)
    __rt_lib_init_lc_collate_1               0x0800019f   Thumb Code     0  libinit2.o(.ARM.Collect$$libinit$$00000013)
    __rt_lib_init_lc_ctype_1                 0x0800019f   Thumb Code     0  libinit2.o(.ARM.Collect$$libinit$$00000015)
    __rt_lib_init_lc_monetary_1              0x0800019f   Thumb Code     0  libinit2.o(.ARM.Collect$$libinit$$00000017)
    __rt_lib_init_lc_numeric_1               0x0800019f   Thumb Code     0  libinit2.o(.ARM.Collect$$libinit$$00000019)
    __rt_lib_init_lc_time_1                  0x0800019f   Thumb Code     0  libinit2.o(.ARM.Collect$$libinit$$0000001B)
    __rt_lib_init_preinit_1                  0x0800019f   Thumb Code     0  libinit2.o(.ARM.Collect$$libinit$$00000006)
    __rt_lib_init_rand_1                     0x0800019f   Thumb Code     0  libinit2.o(.ARM.Collect$$libinit$$00000010)
    __rt_lib_init_relocate_pie_1             0x0800019f   Thumb Code     0  libinit2.o(.ARM.Collect$$libinit$$00000004)
    __rt_lib_init_return                     0x0800019f   Thumb Code     0  libinit2.o(.ARM.Collect$$libinit$$00000035)
    __rt_lib_init_signal_1                   0x0800019f   Thumb Code     0  libinit2.o(.ARM.Collect$$libinit$$0000001F)
    __rt_lib_init_stdio_1                    0x0800019f   Thumb Code     0  libinit2.o(.ARM.Collect$$libinit$$00000027)
    __rt_lib_init_user_alloc_1               0x0800019f   Thumb Code     0  libinit2.o(.ARM.Collect$$libinit$$0000000E)
    __rt_lib_shutdown                        0x080001a1   Thumb Code     0  libshutdown.o(.ARM.Collect$$libshutdown$$00000000)
    __rt_lib_shutdown_cpp_1                  0x080001a3   Thumb Code     0  libshutdown2.o(.ARM.Collect$$libshutdown$$00000002)
    __rt_lib_shutdown_fp_trap_1              0x080001a3   Thumb Code     0  libshutdown2.o(.ARM.Collect$$libshutdown$$00000007)
    __rt_lib_shutdown_heap_1                 0x080001a3   Thumb Code     0  libshutdown2.o(.ARM.Collect$$libshutdown$$0000000F)
    __rt_lib_shutdown_return                 0x080001a3   Thumb Code     0  libshutdown2.o(.ARM.Collect$$libshutdown$$00000010)
    __rt_lib_shutdown_signal_1               0x080001a3   Thumb Code     0  libshutdown2.o(.ARM.Collect$$libshutdown$$0000000A)
    __rt_lib_shutdown_stdio_1                0x080001a3   Thumb Code     0  libshutdown2.o(.ARM.Collect$$libshutdown$$00000004)
    __rt_lib_shutdown_user_alloc_1           0x080001a3   Thumb Code     0  libshutdown2.o(.ARM.Collect$$libshutdown$$0000000C)
    __rt_entry                               0x080001a5   Thumb Code     0  __rtentry.o(.ARM.Collect$$rtentry$$00000000)
    __rt_entry_presh_1                       0x080001a5   Thumb Code     0  __rtentry2.o(.ARM.Collect$$rtentry$$00000002)
    __rt_entry_sh                            0x080001a5   Thumb Code     0  __rtentry4.o(.ARM.Collect$$rtentry$$00000004)
    __rt_entry_li                            0x080001ab   Thumb Code     0  __rtentry2.o(.ARM.Collect$$rtentry$$0000000A)
    __rt_entry_postsh_1                      0x080001ab   Thumb Code     0  __rtentry2.o(.ARM.Collect$$rtentry$$00000009)
    __rt_entry_main                          0x080001af   Thumb Code     0  __rtentry2.o(.ARM.Collect$$rtentry$$0000000D)
    __rt_entry_postli_1                      0x080001af   Thumb Code     0  __rtentry2.o(.ARM.Collect$$rtentry$$0000000C)
    __rt_exit                                0x080001b7   Thumb Code     0  rtexit.o(.ARM.Collect$$rtexit$$00000000)
    __rt_exit_ls                             0x080001b9   Thumb Code     0  rtexit2.o(.ARM.Collect$$rtexit$$00000003)
    __rt_exit_prels_1                        0x080001b9   Thumb Code     0  rtexit2.o(.ARM.Collect$$rtexit$$00000002)
    __rt_exit_exit                           0x080001bd   Thumb Code     0  rtexit2.o(.ARM.Collect$$rtexit$$00000004)
    Reset_Handler                            0x080001c5   Thumb Code     8  startup_stm32f10x_md.o(.text)
    NMI_Handler                              0x080001cd   Thumb Code     2  startup_stm32f10x_md.o(.text)
    HardFault_Handler                        0x080001cf   Thumb Code     2  startup_stm32f10x_md.o(.text)
    MemManage_Handler                        0x080001d1   Thumb Code     2  startup_stm32f10x_md.o(.text)
    BusFault_Handler                         0x080001d3   Thumb Code     2  startup_stm32f10x_md.o(.text)
    UsageFault_Handler                       0x080001d5   Thumb Code     2  startup_stm32f10x_md.o(.text)
    SVC_Handler                              0x080001d7   Thumb Code     2  startup_stm32f10x_md.o(.text)
    DebugMon_Handler                         0x080001d9   Thumb Code     2  startup_stm32f10x_md.o(.text)
    PendSV_Handler                           0x080001db   Thumb Code     2  startup_stm32f10x_md.o(.text)
    SysTick_Handler                          0x080001dd   Thumb Code     2  startup_stm32f10x_md.o(.text)
    ADC1_2_IRQHandler                        0x080001df   Thumb Code     0  startup_stm32f10x_md.o(.text)
    CAN1_RX1_IRQHandler                      0x080001df   Thumb Code     0  startup_stm32f10x_md.o(.text)
    CAN1_SCE_IRQHandler                      0x080001df   Thumb Code     0  startup_stm32f10x_md.o(.text)
    DMA1_Channel1_IRQHandler                 0x080001df   Thumb Code     0  startup_stm32f10x_md.o(.text)
    DMA1_Channel2_IRQHandler                 0x080001df   Thumb Code     0  startup_stm32f10x_md.o(.text)
    DMA1_Channel3_IRQHandler                 0x080001df   Thumb Code     0  startup_stm32f10x_md.o(.text)
    DMA1_Channel4_IRQHandler                 0x080001df   Thumb Code     0  startup_stm32f10x_md.o(.text)
    DMA1_Channel5_IRQHandler                 0x080001df   Thumb Code     0  startup_stm32f10x_md.o(.text)
    DMA1_Channel6_IRQHandler                 0x080001df   Thumb Code     0  startup_stm32f10x_md.o(.text)
    DMA1_Channel7_IRQHandler                 0x080001df   Thumb Code     0  startup_stm32f10x_md.o(.text)
    EXTI0_IRQHandler                         0x080001df   Thumb Code     0  startup_stm32f10x_md.o(.text)
    EXTI15_10_IRQHandler                     0x080001df   Thumb Code     0  startup_stm32f10x_md.o(.text)
    EXTI1_IRQHandler                         0x080001df   Thumb Code     0  startup_stm32f10x_md.o(.text)
    EXTI2_IRQHandler                         0x080001df   Thumb Code     0  startup_stm32f10x_md.o(.text)
    EXTI3_IRQHandler                         0x080001df   Thumb Code     0  startup_stm32f10x_md.o(.text)
    EXTI4_IRQHandler                         0x080001df   Thumb Code     0  startup_stm32f10x_md.o(.text)
    EXTI9_5_IRQHandler                       0x080001df   Thumb Code     0  startup_stm32f10x_md.o(.text)
    FLASH_IRQHandler                         0x080001df   Thumb Code     0  startup_stm32f10x_md.o(.text)
    I2C1_ER_IRQHandler                       0x080001df   Thumb Code     0  startup_stm32f10x_md.o(.text)
    I2C1_EV_IRQHandler                       0x080001df   Thumb Code     0  startup_stm32f10x_md.o(.text)
    I2C2_ER_IRQHandler                       0x080001df   Thumb Code     0  startup_stm32f10x_md.o(.text)
    I2C2_EV_IRQHandler                       0x080001df   Thumb Code     0  startup_stm32f10x_md.o(.text)
    PVD_IRQHandler                           0x080001df   Thumb Code     0  startup_stm32f10x_md.o(.text)
    RCC_IRQHandler                           0x080001df   Thumb Code     0  startup_stm32f10x_md.o(.text)
    RTCAlarm_IRQHandler                      0x080001df   Thumb Code     0  startup_stm32f10x_md.o(.text)
    RTC_IRQHandler                           0x080001df   Thumb Code     0  startup_stm32f10x_md.o(.text)
    SPI1_IRQHandler                          0x080001df   Thumb Code     0  startup_stm32f10x_md.o(.text)
    SPI2_IRQHandler                          0x080001df   Thumb Code     0  startup_stm32f10x_md.o(.text)
    TAMPER_IRQHandler                        0x080001df   Thumb Code     0  startup_stm32f10x_md.o(.text)
    TIM1_BRK_IRQHandler                      0x080001df   Thumb Code     0  startup_stm32f10x_md.o(.text)
    TIM1_CC_IRQHandler                       0x080001df   Thumb Code     0  startup_stm32f10x_md.o(.text)
    TIM1_TRG_COM_IRQHandler                  0x080001df   Thumb Code     0  startup_stm32f10x_md.o(.text)
    TIM1_UP_IRQHandler                       0x080001df   Thumb Code     0  startup_stm32f10x_md.o(.text)
    TIM3_IRQHandler                          0x080001df   Thumb Code     0  startup_stm32f10x_md.o(.text)
    TIM4_IRQHandler                          0x080001df   Thumb Code     0  startup_stm32f10x_md.o(.text)
    USART1_IRQHandler                        0x080001df   Thumb Code     0  startup_stm32f10x_md.o(.text)
    USART2_IRQHandler                        0x080001df   Thumb Code     0  startup_stm32f10x_md.o(.text)
    USART3_IRQHandler                        0x080001df   Thumb Code     0  startup_stm32f10x_md.o(.text)
    USBWakeUp_IRQHandler                     0x080001df   Thumb Code     0  startup_stm32f10x_md.o(.text)
    USB_HP_CAN1_TX_IRQHandler                0x080001df   Thumb Code     0  startup_stm32f10x_md.o(.text)
    USB_LP_CAN1_RX0_IRQHandler               0x080001df   Thumb Code     0  startup_stm32f10x_md.o(.text)
    WWDG_IRQHandler                          0x080001df   Thumb Code     0  startup_stm32f10x_md.o(.text)
    __user_initial_stackheap                 0x080001e1   Thumb Code     0  startup_stm32f10x_md.o(.text)
    __2sprintf                               0x08000205   Thumb Code    34  noretval__2sprintf.o(.text)
    __printf                                 0x0800022d   Thumb Code   104  __printf.o(.text)
    _printf_str                              0x08000295   Thumb Code    82  _printf_str.o(.text)
    _printf_int_dec                          0x080002e9   Thumb Code   104  _printf_dec.o(.text)
    __use_two_region_memory                  0x08000361   Thumb Code     2  heapauxi.o(.text)
    __rt_heap_escrow$2region                 0x08000363   Thumb Code     2  heapauxi.o(.text)
    __rt_heap_expand$2region                 0x08000365   Thumb Code     2  heapauxi.o(.text)
    _printf_int_common                       0x08000367   Thumb Code   178  _printf_intcommon.o(.text)
    _printf_char_common                      0x08000423   Thumb Code    32  _printf_char_common.o(.text)
    _sputc                                   0x08000449   Thumb Code    10  _sputc.o(.text)
    _printf_cs_common                        0x08000453   Thumb Code    20  _printf_char.o(.text)
    _printf_char                             0x08000467   Thumb Code    16  _printf_char.o(.text)
    _printf_string                           0x08000477   Thumb Code     8  _printf_char.o(.text)
    __user_setup_stackheap                   0x0800047f   Thumb Code    74  sys_stackheap_outer.o(.text)
    exit                                     0x080004c9   Thumb Code    18  exit.o(.text)
    __user_libspace                          0x080004dd   Thumb Code     8  libspace.o(.text)
    __user_perproc_libspace                  0x080004dd   Thumb Code     0  libspace.o(.text)
    __user_perthread_libspace                0x080004dd   Thumb Code     0  libspace.o(.text)
    _sys_exit                                0x080004e5   Thumb Code     8  sys_exit.o(.text)
    __I$use$semihosting                      0x080004f1   Thumb Code     0  use_no_semi.o(.text)
    __use_no_semihosting_swi                 0x080004f1   Thumb Code     2  use_no_semi.o(.text)
    __semihosting_library_function           0x080004f3   Thumb Code     0  indicate_semi.o(.text)
    DelayMs                                  0x080004f5   Thumb Code    44  systick_time.o(.text.DelayMs)
    DelayUs                                  0x08000521   Thumb Code    40  systick_time.o(.text.DelayUs)
    PCF8574_tx_byte                          0x08000549   Thumb Code    30  pcf8574.o(.text.PCF8574_tx_byte)
    SystemInit                               0x08000569   Thumb Code   272  system_stm32f10x.o(.text.SystemInit)
    TIM2_IRQHandler                          0x08000679   Thumb Code    56  main.o(.text.TIM2_IRQHandler)
    buzzer_disabled                          0x080006b1   Thumb Code    18  buzzer.o(.text.buzzer_disabled)
    buzzer_enabled                           0x080006c5   Thumb Code    18  buzzer.o(.text.buzzer_enabled)
    buzzer_init                              0x080006d9   Thumb Code    42  buzzer.o(.text.buzzer_init)
    debounce                                 0x08000705   Thumb Code    42  infraredsensor.o(.text.debounce)
    i2c_address                              0x08000731   Thumb Code    54  i2c.o(.text.i2c_address)
    i2c_init                                 0x08000769   Thumb Code    94  i2c.o(.text.i2c_init)
    i2c_start                                0x080007c9   Thumb Code    24  i2c.o(.text.i2c_start)
    i2c_stop                                 0x080007e1   Thumb Code    18  i2c.o(.text.i2c_stop)
    i2c_write                                0x080007f5   Thumb Code    28  i2c.o(.text.i2c_write)
    infrared_init                            0x08000811   Thumb Code    56  infraredsensor.o(.text.infrared_init)
    lcd_clear                                0x08000849   Thumb Code    18  lcd-i2c.o(.text.lcd_clear)
    lcd_clear_line2                          0x0800085d   Thumb Code    66  lcd-i2c.o(.text.lcd_clear_line2)
    lcd_i2c_cmd                              0x080008a1   Thumb Code   104  lcd-i2c.o(.text.lcd_i2c_cmd)
    lcd_i2c_data                             0x08000909   Thumb Code   104  lcd-i2c.o(.text.lcd_i2c_data)
    lcd_i2c_init                             0x08000971   Thumb Code   250  lcd-i2c.o(.text.lcd_i2c_init)
    lcd_i2c_msg                              0x08000a6d   Thumb Code    62  lcd-i2c.o(.text.lcd_i2c_msg)
    main                                     0x08000aad   Thumb Code   788  main.o(.text.main)
    servo_start                              0x08000e21   Thumb Code   104  servo.o(.text.servo_start)
    systick_init                             0x08000e89   Thumb Code    26  systick_time.o(.text.systick_init)
    timer_disabled                           0x08000ea5   Thumb Code    14  timer.o(.text.timer_disabled)
    timer_enabled                            0x08000eb5   Thumb Code    14  timer.o(.text.timer_enabled)
    timer_init                               0x08000ec5   Thumb Code    58  timer.o(.text.timer_init)
    xetgoc1                                  0x08000f01   Thumb Code    20  servo.o(.text.xetgoc1)
    Region$$Table$$Base                      0x08000f54   Number         0  anon$$obj.o(Region$$Table)
    Region$$Table$$Limit                     0x08000f74   Number         0  anon$$obj.o(Region$$Table)
    S1                                       0x20000000   Data           1  main.o(.data.S1)
    S2                                       0x20000001   Data           1  main.o(.data.S2)
    S3                                       0x20000002   Data           1  main.o(.data.S3)
    available_slots                          0x20000004   Data           4  main.o(.data.available_slots)
    total_slots                              0x20000008   Data           4  main.o(.data.total_slots)
    __libspace_start                         0x20000010   Data          96  libspace.o(.bss)
    __temporary_stack_top$libspace           0x20000070   Data           0  libspace.o(.bss)
    count                                    0x20000070   Data           4  main.o(.bss.count)
    str1                                     0x20000074   Data          20  main.o(.bss.str1)
    str2                                     0x20000088   Data          20  main.o(.bss.str2)



==============================================================================

Memory Map of the image

  Image Entry point : 0x080000ed

  Load Region LR_IROM1 (Base: 0x08000000, Size: 0x00000f88, Max: 0x00010000, ABSOLUTE)

    Execution Region ER_IROM1 (Exec base: 0x08000000, Load base: 0x08000000, Size: 0x00000f74, Max: 0x00010000, ABSOLUTE)

    Exec Addr    Load Addr    Size         Type   Attr      Idx    E Section Name        Object

    0x08000000   0x08000000   0x000000ec   Data   RO          175    RESET               startup_stm32f10x_md.o
    0x080000ec   0x080000ec   0x00000008   Code   RO          233  * !!!main             c_w.l(__main.o)
    0x080000f4   0x080000f4   0x0000005c   Code   RO          409    !!!scatter          c_w.l(__scatter.o)
    0x08000150   0x08000150   0x0000001a   Code   RO          413    !!handler_copy      c_w.l(__scatter_copy.o)
    0x0800016a   0x0800016a   0x00000002   PAD
    0x0800016c   0x0800016c   0x00000002   Code   RO          410    !!handler_null      c_w.l(__scatter.o)
    0x0800016e   0x0800016e   0x00000002   PAD
    0x08000170   0x08000170   0x0000001c   Code   RO          415    !!handler_zi        c_w.l(__scatter_zi.o)
    0x0800018c   0x0800018c   0x00000000   Code   RO          230    .ARM.Collect$$_printf_percent$$00000000  c_w.l(_printf_percent.o)
    0x0800018c   0x0800018c   0x00000006   Code   RO          229    .ARM.Collect$$_printf_percent$$00000009  c_w.l(_printf_d.o)
    0x08000192   0x08000192   0x00000006   Code   RO          228    .ARM.Collect$$_printf_percent$$00000013  c_w.l(_printf_c.o)
    0x08000198   0x08000198   0x00000004   Code   RO          244    .ARM.Collect$$_printf_percent$$00000017  c_w.l(_printf_percent_end.o)
    0x0800019c   0x0800019c   0x00000002   Code   RO          271    .ARM.Collect$$libinit$$00000000  c_w.l(libinit.o)
    0x0800019e   0x0800019e   0x00000000   Code   RO          278    .ARM.Collect$$libinit$$00000002  c_w.l(libinit2.o)
    0x0800019e   0x0800019e   0x00000000   Code   RO          280    .ARM.Collect$$libinit$$00000004  c_w.l(libinit2.o)
    0x0800019e   0x0800019e   0x00000000   Code   RO          282    .ARM.Collect$$libinit$$00000006  c_w.l(libinit2.o)
    0x0800019e   0x0800019e   0x00000000   Code   RO          285    .ARM.Collect$$libinit$$0000000C  c_w.l(libinit2.o)
    0x0800019e   0x0800019e   0x00000000   Code   RO          287    .ARM.Collect$$libinit$$0000000E  c_w.l(libinit2.o)
    0x0800019e   0x0800019e   0x00000000   Code   RO          289    .ARM.Collect$$libinit$$00000010  c_w.l(libinit2.o)
    0x0800019e   0x0800019e   0x00000000   Code   RO          292    .ARM.Collect$$libinit$$00000013  c_w.l(libinit2.o)
    0x0800019e   0x0800019e   0x00000000   Code   RO          294    .ARM.Collect$$libinit$$00000015  c_w.l(libinit2.o)
    0x0800019e   0x0800019e   0x00000000   Code   RO          296    .ARM.Collect$$libinit$$00000017  c_w.l(libinit2.o)
    0x0800019e   0x0800019e   0x00000000   Code   RO          298    .ARM.Collect$$libinit$$00000019  c_w.l(libinit2.o)
    0x0800019e   0x0800019e   0x00000000   Code   RO          300    .ARM.Collect$$libinit$$0000001B  c_w.l(libinit2.o)
    0x0800019e   0x0800019e   0x00000000   Code   RO          302    .ARM.Collect$$libinit$$0000001D  c_w.l(libinit2.o)
    0x0800019e   0x0800019e   0x00000000   Code   RO          304    .ARM.Collect$$libinit$$0000001F  c_w.l(libinit2.o)
    0x0800019e   0x0800019e   0x00000000   Code   RO          306    .ARM.Collect$$libinit$$00000021  c_w.l(libinit2.o)
    0x0800019e   0x0800019e   0x00000000   Code   RO          308    .ARM.Collect$$libinit$$00000023  c_w.l(libinit2.o)
    0x0800019e   0x0800019e   0x00000000   Code   RO          310    .ARM.Collect$$libinit$$00000025  c_w.l(libinit2.o)
    0x0800019e   0x0800019e   0x00000000   Code   RO          312    .ARM.Collect$$libinit$$00000027  c_w.l(libinit2.o)
    0x0800019e   0x0800019e   0x00000000   Code   RO          316    .ARM.Collect$$libinit$$0000002E  c_w.l(libinit2.o)
    0x0800019e   0x0800019e   0x00000000   Code   RO          318    .ARM.Collect$$libinit$$00000030  c_w.l(libinit2.o)
    0x0800019e   0x0800019e   0x00000000   Code   RO          320    .ARM.Collect$$libinit$$00000032  c_w.l(libinit2.o)
    0x0800019e   0x0800019e   0x00000000   Code   RO          322    .ARM.Collect$$libinit$$00000034  c_w.l(libinit2.o)
    0x0800019e   0x0800019e   0x00000002   Code   RO          323    .ARM.Collect$$libinit$$00000035  c_w.l(libinit2.o)
    0x080001a0   0x080001a0   0x00000002   Code   RO          345    .ARM.Collect$$libshutdown$$00000000  c_w.l(libshutdown.o)
    0x080001a2   0x080001a2   0x00000000   Code   RO          360    .ARM.Collect$$libshutdown$$00000002  c_w.l(libshutdown2.o)
    0x080001a2   0x080001a2   0x00000000   Code   RO          362    .ARM.Collect$$libshutdown$$00000004  c_w.l(libshutdown2.o)
    0x080001a2   0x080001a2   0x00000000   Code   RO          365    .ARM.Collect$$libshutdown$$00000007  c_w.l(libshutdown2.o)
    0x080001a2   0x080001a2   0x00000000   Code   RO          368    .ARM.Collect$$libshutdown$$0000000A  c_w.l(libshutdown2.o)
    0x080001a2   0x080001a2   0x00000000   Code   RO          370    .ARM.Collect$$libshutdown$$0000000C  c_w.l(libshutdown2.o)
    0x080001a2   0x080001a2   0x00000000   Code   RO          373    .ARM.Collect$$libshutdown$$0000000F  c_w.l(libshutdown2.o)
    0x080001a2   0x080001a2   0x00000002   Code   RO          374    .ARM.Collect$$libshutdown$$00000010  c_w.l(libshutdown2.o)
    0x080001a4   0x080001a4   0x00000000   Code   RO          235    .ARM.Collect$$rtentry$$00000000  c_w.l(__rtentry.o)
    0x080001a4   0x080001a4   0x00000000   Code   RO          246    .ARM.Collect$$rtentry$$00000002  c_w.l(__rtentry2.o)
    0x080001a4   0x080001a4   0x00000006   Code   RO          258    .ARM.Collect$$rtentry$$00000004  c_w.l(__rtentry4.o)
    0x080001aa   0x080001aa   0x00000000   Code   RO          248    .ARM.Collect$$rtentry$$00000009  c_w.l(__rtentry2.o)
    0x080001aa   0x080001aa   0x00000004   Code   RO          249    .ARM.Collect$$rtentry$$0000000A  c_w.l(__rtentry2.o)
    0x080001ae   0x080001ae   0x00000000   Code   RO          251    .ARM.Collect$$rtentry$$0000000C  c_w.l(__rtentry2.o)
    0x080001ae   0x080001ae   0x00000008   Code   RO          252    .ARM.Collect$$rtentry$$0000000D  c_w.l(__rtentry2.o)
    0x080001b6   0x080001b6   0x00000002   Code   RO          275    .ARM.Collect$$rtexit$$00000000  c_w.l(rtexit.o)
    0x080001b8   0x080001b8   0x00000000   Code   RO          325    .ARM.Collect$$rtexit$$00000002  c_w.l(rtexit2.o)
    0x080001b8   0x080001b8   0x00000004   Code   RO          326    .ARM.Collect$$rtexit$$00000003  c_w.l(rtexit2.o)
    0x080001bc   0x080001bc   0x00000006   Code   RO          327    .ARM.Collect$$rtexit$$00000004  c_w.l(rtexit2.o)
    0x080001c2   0x080001c2   0x00000002   PAD
    0x080001c4   0x080001c4   0x00000040   Code   RO          176    .text               startup_stm32f10x_md.o
    0x08000204   0x08000204   0x00000028   Code   RO          200    .text               c_w.l(noretval__2sprintf.o)
    0x0800022c   0x0800022c   0x00000068   Code   RO          202    .text               c_w.l(__printf.o)
    0x08000294   0x08000294   0x00000052   Code   RO          204    .text               c_w.l(_printf_str.o)
    0x080002e6   0x080002e6   0x00000002   PAD
    0x080002e8   0x080002e8   0x00000078   Code   RO          206    .text               c_w.l(_printf_dec.o)
    0x08000360   0x08000360   0x00000006   Code   RO          231    .text               c_w.l(heapauxi.o)
    0x08000366   0x08000366   0x000000b2   Code   RO          236    .text               c_w.l(_printf_intcommon.o)
    0x08000418   0x08000418   0x00000030   Code   RO          238    .text               c_w.l(_printf_char_common.o)
    0x08000448   0x08000448   0x0000000a   Code   RO          240    .text               c_w.l(_sputc.o)
    0x08000452   0x08000452   0x0000002c   Code   RO          242    .text               c_w.l(_printf_char.o)
    0x0800047e   0x0800047e   0x0000004a   Code   RO          262    .text               c_w.l(sys_stackheap_outer.o)
    0x080004c8   0x080004c8   0x00000012   Code   RO          264    .text               c_w.l(exit.o)
    0x080004da   0x080004da   0x00000002   PAD
    0x080004dc   0x080004dc   0x00000008   Code   RO          272    .text               c_w.l(libspace.o)
    0x080004e4   0x080004e4   0x0000000c   Code   RO          335    .text               c_w.l(sys_exit.o)
    0x080004f0   0x080004f0   0x00000002   Code   RO          350    .text               c_w.l(use_no_semi.o)
    0x080004f2   0x080004f2   0x00000000   Code   RO          352    .text               c_w.l(indicate_semi.o)
    0x080004f2   0x080004f2   0x00000002   PAD
    0x080004f4   0x080004f4   0x0000002c   Code   RO          129    .text.DelayMs       systick_time.o
    0x08000520   0x08000520   0x00000028   Code   RO          125    .text.DelayUs       systick_time.o
    0x08000548   0x08000548   0x0000001e   Code   RO          112    .text.PCF8574_tx_byte  pcf8574.o
    0x08000566   0x08000566   0x00000002   PAD
    0x08000568   0x08000568   0x00000110   Code   RO          183    .text.SystemInit    system_stm32f10x.o
    0x08000678   0x08000678   0x00000038   Code   RO            4    .text.TIM2_IRQHandler  main.o
    0x080006b0   0x080006b0   0x00000012   Code   RO          165    .text.buzzer_disabled  buzzer.o
    0x080006c2   0x080006c2   0x00000002   PAD
    0x080006c4   0x080006c4   0x00000012   Code   RO          163    .text.buzzer_enabled  buzzer.o
    0x080006d6   0x080006d6   0x00000002   PAD
    0x080006d8   0x080006d8   0x0000002a   Code   RO          161    .text.buzzer_init   buzzer.o
    0x08000702   0x08000702   0x00000002   PAD
    0x08000704   0x08000704   0x0000002a   Code   RO           49    .text.debounce      infraredsensor.o
    0x0800072e   0x0800072e   0x00000002   PAD
    0x08000730   0x08000730   0x00000036   Code   RO           65    .text.i2c_address   i2c.o
    0x08000766   0x08000766   0x00000002   PAD
    0x08000768   0x08000768   0x0000005e   Code   RO           59    .text.i2c_init      i2c.o
    0x080007c6   0x080007c6   0x00000002   PAD
    0x080007c8   0x080007c8   0x00000018   Code   RO           61    .text.i2c_start     i2c.o
    0x080007e0   0x080007e0   0x00000012   Code   RO           63    .text.i2c_stop      i2c.o
    0x080007f2   0x080007f2   0x00000002   PAD
    0x080007f4   0x080007f4   0x0000001c   Code   RO           67    .text.i2c_write     i2c.o
    0x08000810   0x08000810   0x00000038   Code   RO           37    .text.infrared_init  infraredsensor.o
    0x08000848   0x08000848   0x00000012   Code   RO           97    .text.lcd_clear     lcd-i2c.o
    0x0800085a   0x0800085a   0x00000002   PAD
    0x0800085c   0x0800085c   0x00000042   Code   RO          101    .text.lcd_clear_line2  lcd-i2c.o
    0x0800089e   0x0800089e   0x00000002   PAD
    0x080008a0   0x080008a0   0x00000068   Code   RO           89    .text.lcd_i2c_cmd   lcd-i2c.o
    0x08000908   0x08000908   0x00000068   Code   RO           87    .text.lcd_i2c_data  lcd-i2c.o
    0x08000970   0x08000970   0x000000fa   Code   RO           91    .text.lcd_i2c_init  lcd-i2c.o
    0x08000a6a   0x08000a6a   0x00000002   PAD
    0x08000a6c   0x08000a6c   0x0000003e   Code   RO           95    .text.lcd_i2c_msg   lcd-i2c.o
    0x08000aaa   0x08000aaa   0x00000002   PAD
    0x08000aac   0x08000aac   0x00000374   Code   RO            2    .text.main          main.o
    0x08000e20   0x08000e20   0x00000068   Code   RO          147    .text.servo_start   servo.o
    0x08000e88   0x08000e88   0x0000001a   Code   RO          121    .text.systick_init  systick_time.o
    0x08000ea2   0x08000ea2   0x00000002   PAD
    0x08000ea4   0x08000ea4   0x0000000e   Code   RO           28    .text.timer_disabled  timer.o
    0x08000eb2   0x08000eb2   0x00000002   PAD
    0x08000eb4   0x08000eb4   0x0000000e   Code   RO           26    .text.timer_enabled  timer.o
    0x08000ec2   0x08000ec2   0x00000002   PAD
    0x08000ec4   0x08000ec4   0x0000003a   Code   RO           24    .text.timer_init    timer.o
    0x08000efe   0x08000efe   0x00000002   PAD
    0x08000f00   0x08000f00   0x00000014   Code   RO          149    .text.xetgoc1       servo.o
    0x08000f14   0x08000f14   0x0000002c   Data   RO           13    .rodata.str1.1      main.o
    0x08000f40   0x08000f40   0x00000011   Data   RO          103    .rodata.str1.1      lcd-i2c.o
    0x08000f51   0x08000f51   0x00000003   PAD
    0x08000f54   0x08000f54   0x00000020   Data   RO          408    Region$$Table       anon$$obj.o


    Execution Region RW_IRAM1 (Exec base: 0x20000000, Load base: 0x08000f78, Size: 0x000006a0, Max: 0x00005000, ABSOLUTE)

    Exec Addr    Load Addr    Size         Type   Attr      Idx    E Section Name        Object

    0x20000000   0x08000f78   0x00000001   Data   RW            9    .data.S1            main.o
    0x20000001   0x08000f79   0x00000001   Data   RW           10    .data.S2            main.o
    0x20000002   0x08000f7a   0x00000001   Data   RW           11    .data.S3            main.o
    0x20000003   0x08000f7b   0x00000001   PAD
    0x20000004   0x08000f7c   0x00000004   Data   RW            8    .data.available_slots  main.o
    0x20000008   0x08000f80   0x00000004   Data   RW            7    .data.total_slots   main.o
    0x2000000c   0x08000f84   0x00000004   PAD
    0x20000010        -       0x00000060   Zero   RW          273    .bss                c_w.l(libspace.o)
    0x20000070        -       0x00000004   Zero   RW            6    .bss.count          main.o
    0x20000074        -       0x00000014   Zero   RW           12    .bss.str1           main.o
    0x20000088        -       0x00000014   Zero   RW           14    .bss.str2           main.o
    0x2000009c   0x08000f84   0x00000004   PAD
    0x200000a0        -       0x00000200   Zero   RW          174    HEAP                startup_stm32f10x_md.o
    0x200002a0        -       0x00000400   Zero   RW          173    STACK               startup_stm32f10x_md.o


==============================================================================

Image component sizes


      Code (inc. data)   RO Data    RW Data    ZI Data      Debug   Object Name

        78          0          0          0          0       1139   buzzer.o
       218          0          0          0          0       4954   i2c.o
        98          0          0          0          0       1707   infraredsensor.o
       604          0         17          0          0       2593   lcd-i2c.o
       940         96         44         11         44       2657   main.o
        30          0          0          0          0        502   pcf8574.o
       124          0          0          0          0       2483   servo.o
        64         26        236          0       1536        812   startup_stm32f10x_md.o
       272          0          0          0          0       2825   system_stm32f10x.o
       110          0          0          0          0       2220   systick_time.o
        86          0          0          0          0       2415   timer.o

    ----------------------------------------------------------------------
      2656        122        332         12       1588      24307   Object Totals
         0          0         32          0          0          0   (incl. Generated)
        32          0          3          1          8          0   (incl. Padding)

    ----------------------------------------------------------------------

      Code (inc. data)   RO Data    RW Data    ZI Data      Debug   Library Member Name

         8          0          0          0          0         68   __main.o
       104          0          0          0          0         84   __printf.o
         0          0          0          0          0          0   __rtentry.o
        12          0          0          0          0          0   __rtentry2.o
         6          0          0          0          0          0   __rtentry4.o
        94          8          0          0          0          0   __scatter.o
        26          0          0          0          0          0   __scatter_copy.o
        28          0          0          0          0          0   __scatter_zi.o
         6          0          0          0          0          0   _printf_c.o
        44          0          0          0          0        108   _printf_char.o
        48          6          0          0          0         96   _printf_char_common.o
         6          0          0          0          0          0   _printf_d.o
       120         16          0          0          0         92   _printf_dec.o
       178          0          0          0          0         88   _printf_intcommon.o
         0          0          0          0          0          0   _printf_percent.o
         4          0          0          0          0          0   _printf_percent_end.o
        82          0          0          0          0         80   _printf_str.o
        10          0          0          0          0         68   _sputc.o
        18          0          0          0          0         80   exit.o
         6          0          0          0          0        152   heapauxi.o
         0          0          0          0          0          0   indicate_semi.o
         2          0          0          0          0          0   libinit.o
         2          0          0          0          0          0   libinit2.o
         2          0          0          0          0          0   libshutdown.o
         2          0          0          0          0          0   libshutdown2.o
         8          4          0          0         96         68   libspace.o
        40          6          0          0          0         84   noretval__2sprintf.o
         2          0          0          0          0          0   rtexit.o
        10          0          0          0          0          0   rtexit2.o
        12          4          0          0          0         68   sys_exit.o
        74          0          0          0          0         80   sys_stackheap_outer.o
         2          0          0          0          0         68   use_no_semi.o

    ----------------------------------------------------------------------
       968         44          0          0         96       1284   Library Totals
        12          0          0          0          0          0   (incl. Padding)

    ----------------------------------------------------------------------

      Code (inc. data)   RO Data    RW Data    ZI Data      Debug   Library Name

       956         44          0          0         96       1284   c_w.l

    ----------------------------------------------------------------------
       968         44          0          0         96       1284   Library Totals

    ----------------------------------------------------------------------

==============================================================================


      Code (inc. data)   RO Data    RW Data    ZI Data      Debug   

      3624        166        332         12       1684      24955   Grand Totals
      3624        166        332         12       1684      24955   ELF Image Totals
      3624        166        332         12          0          0   ROM Totals

==============================================================================

    Total RO  Size (Code + RO Data)                 3956 (   3.86kB)
    Total RW  Size (RW Data + ZI Data)              1696 (   1.66kB)
    Total ROM Size (Code + RO Data + RW Data)       3968 (   3.88kB)

==============================================================================

